Successfully parsed.
LoopSimple.core.st(13, 2) [insertLoopInvAssert_entry_invariant_loop_0_0]: ✅ pass
LoopSimple.core.st(13, 2) [insertLoopInvAssert_entry_invariant_loop_0_1]: ✅ pass
LoopSimple.core.st(13, 2) [insertLoopInvAssert_measure_lb_loop_0]: ✅ pass
LoopSimple.core.st(13, 2) [insertLoopInvAssert_arbitrary_iter_maintain_invariant_loop_0_0]: ✅ pass
LoopSimple.core.st(13, 2) [insertLoopInvAssert_arbitrary_iter_maintain_invariant_loop_0_1]: ✅ pass
LoopSimple.core.st(13, 2) [insertLoopInvAssert_measure_decrease_loop_0]: ✅ pass
LoopSimple.core.st(21, 2) [sum_assert]: ✅ pass
LoopSimple.core.st(22, 2) [neg_cond]: ✅ pass
All 8 goals passed.
