Successfully parsed.
 [entry_invariant_0]: ✔️ pass if reachable
 [assert_measure_pos]: ✔️ pass if reachable
 [measure_decreases]: ✔️ pass if reachable
 [measure_imp_not_guard]: ✔️ pass if reachable
 [arbitrary_iter_maintain_invariant_0]: ✔️ pass if reachable
 [sum_assert]: ✔️ pass if reachable
 [neg_cond]: ✔️ pass if reachable
 [post]: ✔️ pass if reachable
All 8 goals passed.
