Successfully parsed.
TwoLoops.core.st(12, 2) [insertLoopInvAssert_entry_invariant_loop_0_0]: ✅ pass
TwoLoops.core.st(12, 2) [insertLoopInvAssert_arbitrary_iter_maintain_invariant_loop_0_0]: ✅ pass
TwoLoops.core.st(19, 2) [insertLoopInvAssert_entry_invariant_loop_1_0]: ✅ pass
TwoLoops.core.st(19, 2) [insertLoopInvAssert_arbitrary_iter_maintain_invariant_loop_1_0]: ✅ pass
All 4 goals passed.
