test_function_def_calls.py(6, 4): ❓ unknown - (Origin_test_helper_procedure_Requires)req_name_is_foo
test_function_def_calls.py(6, 4): ✅ pass - (Origin_test_helper_procedure_Requires)req_opt_name_none_or_str
test_function_def_calls.py(6, 4): ✅ pass - (Origin_test_helper_procedure_Requires)req_opt_name_none_or_bar
DETAIL: 2 passed, 0 failed, 1 inconclusive
RESULT: Inconclusive
