test_control_flow.py(11, 4): ✅ pass - if-else implemented incorrectly
test_control_flow.py(25, 4): ✅ pass - nested if implemented incorrectly
test_control_flow.py(36, 4): ✅ pass - if with > implemented incorrectly
test_control_flow.py(50, 4): ✅ pass - nested if with comparisons implemented incorrectly
test_control_flow.py(61, 4): ✅ pass - if with <= implemented incorrectly
test_control_flow.py(72, 4): ✅ pass - if with >= implemented incorrectly
DETAIL: 6 passed, 0 failed, 0 inconclusive
RESULT: Analysis success
