test_return_types.py(10, 21): ✅ pass - (get_nothing ensures) Return type constraint
test_return_types.py(20, 4): ❓ unknown - get_number returned wrong value
test_return_types.py(23, 4): ❓ unknown - get_greeting returned wrong value
test_return_types.py(26, 4): ❓ unknown - get_flag returned wrong value
test_return_types.py(29, 4): ❓ unknown - add returned wrong value
DETAIL: 1 passed, 0 failed, 4 inconclusive
RESULT: Inconclusive
