test_procedure_in_assert.py(5, 4): ✅ pass - (Origin_timedelta_Requires)
test_procedure_in_assert.py(5, 4): ✅ pass - (Origin_timedelta_Requires)hours_type
test_procedure_in_assert.py(5, 4): ✅ pass - (Origin_timedelta_Requires)days_pos
test_procedure_in_assert.py(5, 4): ✅ pass - (Origin_timedelta_Requires)hours_pos
test_procedure_in_assert.py(7, 4): ✅ pass - should pass
DETAIL: 5 passed, 0 failed, 0 inconclusive
RESULT: Analysis success
