test_method_kwargs_no_hierarchy.py(6, 8): ❓ unknown - set_LaurelResult_calls_as_int_checked_0
unknown location: ✅ pass - assert_assert(0)_calls_Any_get_or_none_0
unknown location: ✅ pass - assert(0)
test_method_kwargs_no_hierarchy.py(11, 18): ✅ pass - init_calls_Any_get_or_none_0
test_method_kwargs_no_hierarchy.py(11, 18): ✅ pass - init_calls_as_int_checked_1
test_method_kwargs_no_hierarchy.py(12, 4): ❓ unknown - assert(286)
test_method_kwargs_no_hierarchy.py(8, 14): ✅ pass - (main ensures) Return type constraint
DETAIL: 5 passed, 0 failed, 2 inconclusive
RESULT: Inconclusive
