test_class_no_init_with_method.py(5, 8): ❓ unknown - set_LaurelResult_calls_as_int_checked_0
test_class_no_init_with_method.py(8, 4): ✅ pass - callElimAssert_requires_4
test_class_no_init_with_method.py(9, 4): ✅ pass - class with method but no __init__
DETAIL: 2 passed, 0 failed, 1 inconclusive
RESULT: Inconclusive
