test_default_params.py(15, 4): ❓ unknown - default greeting failed
test_default_params.py(18, 4): ❓ unknown - explicit greeting failed
test_default_params.py(21, 4): ❓ unknown - default power failed
test_default_params.py(24, 4): ❓ unknown - explicit power failed
DETAIL: 0 passed, 0 failed, 4 inconclusive
RESULT: Inconclusive
