test_fstrings.py(5, 4): ✅ pass - set_greeting_calls_as_str_checked_0
test_fstrings.py(5, 4): ✅ pass - set_greeting_calls_as_str_checked_1
test_fstrings.py(5, 4): ✅ pass - set_greeting_calls_as_str_checked_2
test_fstrings.py(6, 4): ❓ unknown - f-string interpolation failed
test_fstrings.py(11, 4): ✅ pass - set_msg_calls_as_str_checked_0
test_fstrings.py(11, 4): ✅ pass - set_msg_calls_as_str_checked_1
test_fstrings.py(11, 4): ✅ pass - set_msg_calls_as_str_checked_2
test_fstrings.py(12, 4): ✅ pass - set_empty_calls_as_str_checked_0
test_fstrings.py(13, 4): ✅ pass - empty f-string failed
test_fstrings.py(14, 4): ✅ pass - set_plain_calls_as_str_checked_0
test_fstrings.py(15, 4): ✅ pass - f-string no interpolation failed
DETAIL: 10 passed, 0 failed, 1 inconclusive
RESULT: Inconclusive
