test_param_reassign.py(24, 4): ❓ unknown - single reassign
test_param_reassign.py(27, 4): ❓ unknown - multi reassign
test_param_reassign.py(30, 4): ❓ unknown - no reassign
test_param_reassign.py(33, 4): ❓ unknown - partial reassign
test_param_reassign.py(36, 4): ❓ unknown - reassign twice
DETAIL: 0 passed, 0 failed, 5 inconclusive
RESULT: Inconclusive
