test_loops.py(4, 4): ✅ pass - assume_assume(53)_calls_PIn_0
test_loops.py(6, 4): ❓ unknown - simple loop incremented
test_loops.py(10, 4): ❓ unknown - set_a_calls_Any_get_0
test_loops.py(10, 4): ❓ unknown - set_b_calls_Any_get_0
test_loops.py(12, 4): ❓ unknown - tuple unpacking decremented
test_loops.py(16, 4): ❓ unknown - set_x_calls_Any_get_0
test_loops.py(16, 4): ❓ unknown - set_tuple_360_calls_Any_get_0
test_loops.py(16, 4): ❓ unknown - set_y_calls_Any_get_0
test_loops.py(16, 4): ❓ unknown - set_z_calls_Any_get_0
test_loops.py(18, 4): ❓ unknown - nested unpacking incremented
test_loops.py(24, 4): ✅ pass - while loop did not increase n4
DETAIL: 2 passed, 0 failed, 9 inconclusive
RESULT: Inconclusive
