⚠ [138/222] Replayed StrataTest.DDM.ByteArray
warning: StrataTest/DDM/ByteArray.lean:31:59: `String.data` has been deprecated: Use `String.toList` instead
⚠ [151/222] Replayed StrataTest.DL.Lambda.LExprEvalTests
warning: StrataTest/DL/Lambda/LExprEvalTests.lean:214:32: unused variable `e`

Note: This linter can be disabled with `set_option linter.unusedVariables false`
warning: StrataTest/DL/Lambda/LExprEvalTests.lean:225:33: unused variable `e`

Note: This linter can be disabled with `set_option linter.unusedVariables false`
warning: StrataTest/DL/Lambda/LExprEvalTests.lean:238:33: unused variable `e`

Note: This linter can be disabled with `set_option linter.unusedVariables false`
⚠ [212/270] Replayed Plausible.Arbitrary
warning: Plausible/Arbitrary.lean:157:22: `String.mk` has been deprecated: Use `String.ofList` instead
⚠ [213/270] Replayed Plausible.Sampleable
warning: Plausible/Sampleable.lean:231:36: `String.mk` has been deprecated: Use `String.ofList` instead
⚠ [247/270] Replayed Strata.Languages.Boogie.StatementWF
warning: Strata/Languages/Boogie/StatementWF.lean:20:8: declaration uses 'sorry'
⚠ [248/270] Replayed Strata.Languages.Boogie.ProcedureWF
warning: Strata/Languages/Boogie/ProcedureWF.lean:32:8: declaration uses 'sorry'
⚠ [249/270] Replayed Strata.Languages.Boogie.ProgramWF
warning: Strata/Languages/Boogie/ProgramWF.lean:251:8: declaration uses 'sorry'
✔ [261/270] Built StrataTest.Languages.Boogie.Examples.AssertionDefaultNames (39s)
✖ [262/270] Building Strata.Languages.B3.DDMTransform.Conversion (111s)
trace: .> LEAN_PATH=C:\Users\mimayere\Documents\strata2\.lake\packages\plausible\.lake\build\lib\lean;C:\Users\mimayere\Documents\strata2\.lake\build\lib\lean c:\Users\mimayere\.elan\toolchains\leanprover--lean4---v4.26.0\bin\lean.exe C:\Users\mimayere\Documents\strata2\Strata\Languages\B3\DDMTransform\Conversion.lean -o C:\Users\mimayere\Documents\strata2\.lake\build\lib\lean\Strata\Languages\B3\DDMTransform\Conversion.olean -i C:\Users\mimayere\Documents\strata2\.lake\build\lib\lean\Strata\Languages\B3\DDMTransform\Conversion.ilean -c C:\Users\mimayere\Documents\strata2\.lake\build\ir\Strata\Languages\B3\DDMTransform\Conversion.c --setup C:\Users\mimayere\Documents\strata2\.lake\build\ir\Strata\Languages\B3\DDMTransform\Conversion.setup.json --json
error: Strata/Languages/B3/DDMTransform/Conversion.lean:67:2: `annForIte` is not a field of structure `B3AnnFromCST`
error: Strata/Languages/B3/DDMTransform/Conversion.lean:82:2: `annForIte` is not a field of structure `B3AnnFromCST`
error: Lean exited with code 1
✔ [268/270] Built Strata.DL.Lambda.TestGen (111s)
