
==== Verification Results ====
postcondition: ✅ pass (at byte 5702)
postcondition: ✅ pass (at byte 5909)
postcondition: ✅ pass (at byte 6701)
assert(7469): ✅ pass (at byte 7469)
assert(7532): ✅ pass (at byte 7532)
assert(7676): ✅ pass (at byte 7676)
postcondition: ✅ pass (at byte 7388)
assert(154): ✅ pass (at line 11, col 4)
assert(416): ✅ pass (at line 25, col 4)
assert(609): ✅ pass (at line 36, col 4)
assert(857): ✅ pass (at line 50, col 4)
assert(1048): ✅ pass (at line 61, col 4)
assert(1224): ✅ pass (at line 72, col 4)
