
==== Verification Results ====
postcondition: ✅ pass (in prelude file)
List_take_len_post_postcondition_calls_List_take_0: ✅ pass (in prelude file)
postcondition: ✅ pass (in prelude file)
List_drop_len_post_postcondition_calls_List_drop_0: ✅ pass (in prelude file)
postcondition: ✅ pass (in prelude file)
postcondition: ✅ pass (in prelude file)
ret_type: ✅ pass (in prelude file)
ret_type: ✅ pass (in prelude file)
ret_pos: ✅ pass (in prelude file)
assert_name_is_foo: ✅ pass (in prelude file)
assert_opt_name_none_or_str: ✅ pass (in prelude file)
assert_opt_name_none_or_bar: ✅ pass (in prelude file)
ensures_maybe_except_none: ✅ pass (in prelude file)
Assertion failed at line 2, col 4: ite_cond_calls_Any_to_bool_0: ❌ fail
ite_cond_calls_Any_to_bool_0: ✅ pass (at line 4, col 4)
ite_cond_calls_Any_to_bool_0: ❓ unknown (at line 6, col 4)
assert_assert(225)_calls_Any_to_bool_0: ✅ pass (at line 13, col 4)
assert(225): ❓ unknown (at line 13, col 4)
assert_assert(302)_calls_Any_to_bool_0: ✅ pass (at line 16, col 4)
assert(302): ❓ unknown (at line 16, col 4)
assert_assert(371)_calls_Any_to_bool_0: ✅ pass (at line 19, col 4)
assert(371): ❓ unknown (at line 19, col 4)
assert_assert(444)_calls_Any_to_bool_0: ✅ pass (at line 22, col 4)
assert(444): ❓ unknown (at line 22, col 4)
ite_cond_calls_Any_to_bool_0: ✅ pass (at line 24, col 0)

DETAIL: 19 passed, 1 failed, 5 inconclusive
RESULT: Failures found
