test_havoc_callee_after_hole_call.py(9, 4): ❓ unknown - set_x_calls_Any_get_0
test_havoc_callee_after_hole_call.py(9, 4): ❓ unknown - assert(176)
test_havoc_callee_after_hole_call.py(14, 4): ❓ unknown - set_y_calls_Any_get_0
test_havoc_callee_after_hole_call.py(14, 4): ❓ unknown - assert(270)
DETAIL: 0 passed, 0 failed, 4 inconclusive
RESULT: Inconclusive
