test_raise_variants.py(10, 4): ✅ pass - handler should catch raise in try
test_raise_variants.py(10, 4): ✅ pass - handler should catch raise in try
test_raise_variants.py(3, 22): ✅ pass - (raise_in_try ensures) Return type constraint
test_raise_variants.py(10, 4): ✅ pass - handler should catch raise in try
test_raise_variants.py(10, 4): ✅ pass - handler should catch raise in try
test_raise_variants.py(3, 22): ✅ pass - (raise_in_try ensures) Return type constraint
test_raise_variants.py(3, 22): ✅ pass - (raise_in_try ensures) Return type constraint
test_raise_variants.py(13, 30): ❓ unknown - (raise_bare_in_except ensures) Return type constraint
test_raise_variants.py(13, 30): ✅ pass - (raise_bare_in_except ensures) Return type constraint
test_raise_variants.py(13, 30): ✅ pass - (raise_bare_in_except ensures) Return type constraint
test_raise_variants.py(19, 29): ❓ unknown - (raise_new_in_except ensures) Return type constraint
test_raise_variants.py(19, 29): ✅ pass - (raise_new_in_except ensures) Return type constraint
test_raise_variants.py(19, 29): ✅ pass - (raise_new_in_except ensures) Return type constraint
test_raise_variants.py(25, 28): ❓ unknown - (raise_at_top_level ensures) Return type constraint
DETAIL: 11 passed, 0 failed, 3 inconclusive
RESULT: Inconclusive
