
==== Verification Results ====
postcondition: ✅ pass (in prelude file)
List_take_len_post_postcondition_calls_List_take_0: ✅ pass (in prelude file)
postcondition: ✅ pass (in prelude file)
List_drop_len_post_postcondition_calls_List_drop_0: ✅ pass (in prelude file)
postcondition: ✅ pass (in prelude file)
postcondition: ✅ pass (in prelude file)
ret_type: ✅ pass (in prelude file)
ret_type: ✅ pass (in prelude file)
ret_pos: ✅ pass (in prelude file)
assert_name_is_foo: ✅ pass (in prelude file)
assert_opt_name_none_or_str: ✅ pass (in prelude file)
assert_opt_name_none_or_bar: ✅ pass (in prelude file)
ensures_maybe_except_none: ✅ pass (in prelude file)
Assertion failed at line 9, col 4: ite_cond_calls_PNotIn_0: ❌ fail
ite_cond_calls_Any_to_bool_1: ✅ pass (at line 9, col 4)
ite_cond_calls_PNotIn_0: ❓ unknown (at line 11, col 4)
ite_cond_calls_Any_to_bool_1: ✅ pass (at line 11, col 4)
ite_cond_calls_Any_to_bool_0: ❓ unknown (at line 18, col 4)
set_LaurelResult_calls_Any_get_0: ❓ unknown
assert_assert(651)_calls_Any_to_bool_0: ✅ pass (at line 24, col 4)
Assertion failed at line 24, col 4: assert(651): ❌ fail
callElimAssert_requires_0_9: ✅ pass (at line 26, col 4)
callElimAssert_requires_1_10: ✅ pass (at line 26, col 4)
callElimAssert_requires_2_11: ✅ pass (at line 26, col 4)
ite_cond_calls_Any_to_bool_0: ✅ pass (at line 28, col 0)

DETAIL: 20 passed, 2 failed, 3 inconclusive
RESULT: Failures found
