
==== Verification Results ====
postcondition: ✅ pass (at byte 5706)
postcondition: ✅ pass (at byte 5913)
postcondition: ✅ pass (at byte 6705)
assert(7473): ✅ pass (at byte 7473)
assert(7536): ✅ pass (at byte 7536)
assert(7680): ✅ pass (at byte 7680)
postcondition: ✅ pass (at byte 7392)
assert(114): ✅ pass (at line 6, col 4)
assert(264): ✅ pass (at line 11, col 4)
