DETAIL: Laurel to Core translation failed: [test_if_elif.py(208-220) calls to procedures are not supported in functions or contracts, test_if_elif.py(286-297) calls to procedures are not supported in functions or contracts, test_if_elif.py(355-366) calls to procedures are not supported in functions or contracts, test_if_elif.py(426-439) calls to procedures are not supported in functions or contracts]
RESULT: Internal error
