test_truthiness_edge_cases.py(19, 4): ✅ pass - assert_assert(641)_calls_Any_to_bool_0
test_truthiness_edge_cases.py(19, 4): ❓ unknown - assert(641)
test_truthiness_edge_cases.py(22, 4): ✅ pass - assert_assert(695)_calls_Any_to_bool_0
test_truthiness_edge_cases.py(22, 4): ❓ unknown - assert(695)
test_truthiness_edge_cases.py(23, 4): ✅ pass - assert_assert(725)_calls_Any_to_bool_0
test_truthiness_edge_cases.py(23, 4): ❓ unknown - assert(725)
test_truthiness_edge_cases.py(26, 4): ✅ pass - assert_assert(779)_calls_Any_to_bool_0
test_truthiness_edge_cases.py(26, 4): ❓ unknown - assert(779)
test_truthiness_edge_cases.py(27, 4): ✅ pass - assert_assert(807)_calls_Any_to_bool_0
test_truthiness_edge_cases.py(27, 4): ❓ unknown - assert(807)
test_truthiness_edge_cases.py(28, 4): ✅ pass - assert_assert(834)_calls_Any_to_bool_0
test_truthiness_edge_cases.py(28, 4): ❓ unknown - assert(834)
test_truthiness_edge_cases.py(32, 4): ✅ pass - assert_assert(939)_calls_Any_to_bool_0
test_truthiness_edge_cases.py(32, 4): ❓ unknown - assert(939)
test_truthiness_edge_cases.py(33, 4): ✅ pass - assert_assert(969)_calls_Any_to_bool_0
test_truthiness_edge_cases.py(33, 4): ❓ unknown - assert(969)
test_truthiness_edge_cases.py(34, 4): ✅ pass - assert_assert(998)_calls_Any_to_bool_0
test_truthiness_edge_cases.py(34, 4): ❓ unknown - assert(998)
test_truthiness_edge_cases.py(37, 4): ✅ pass - assert_assert(1051)_calls_Any_to_bool_0
test_truthiness_edge_cases.py(37, 4): ❓ unknown - assert(1051)
test_truthiness_edge_cases.py(38, 4): ✅ pass - assert_assert(1080)_calls_Any_to_bool_0
test_truthiness_edge_cases.py(38, 4): ❓ unknown - assert(1080)
test_truthiness_edge_cases.py(41, 4): ✅ pass - assert_assert(1132)_calls_Any_to_bool_0
test_truthiness_edge_cases.py(41, 4): ❓ unknown - assert(1132)
test_truthiness_edge_cases.py(42, 4): ✅ pass - assert_assert(1161)_calls_Any_to_bool_0
test_truthiness_edge_cases.py(42, 4): ❓ unknown - assert(1161)
test_truthiness_edge_cases.py(45, 4): ✅ pass - assert_assert(1213)_calls_Any_to_bool_0
test_truthiness_edge_cases.py(45, 4): ❓ unknown - assert(1213)
test_truthiness_edge_cases.py(46, 4): ✅ pass - assert_assert(1242)_calls_Any_to_bool_0
test_truthiness_edge_cases.py(46, 4): ❓ unknown - assert(1242)
test_truthiness_edge_cases.py(55, 12): ✅ pass - Check PNot exception
test_truthiness_edge_cases.py(55, 4): ✅ pass - assert_assert(1561)_calls_Any_to_bool_0
test_truthiness_edge_cases.py(55, 4): ✅ pass - assert(1561)
test_truthiness_edge_cases.py(58, 12): ✅ pass - Check PNot exception
test_truthiness_edge_cases.py(58, 4): ✅ pass - assert_assert(1613)_calls_Any_to_bool_0
test_truthiness_edge_cases.py(58, 4): ✅ pass - assert(1613)
test_truthiness_edge_cases.py(59, 12): ✅ pass - Check PNot exception
test_truthiness_edge_cases.py(59, 4): ✅ pass - assert_assert(1644)_calls_Any_to_bool_0
test_truthiness_edge_cases.py(59, 4): ✅ pass - assert(1644)
test_truthiness_edge_cases.py(62, 12): ✅ pass - Check PNot exception
test_truthiness_edge_cases.py(62, 4): ✅ pass - assert_assert(1696)_calls_Any_to_bool_0
test_truthiness_edge_cases.py(62, 4): ❓ unknown - assert(1696)
test_truthiness_edge_cases.py(63, 12): ✅ pass - Check PNot exception
test_truthiness_edge_cases.py(63, 4): ✅ pass - assert_assert(1723)_calls_Any_to_bool_0
test_truthiness_edge_cases.py(63, 4): ❓ unknown - assert(1723)
test_truthiness_edge_cases.py(66, 12): ❓ unknown - Check PNot exception
test_truthiness_edge_cases.py(66, 4): ✅ pass - assert_assert(1774)_calls_Any_to_bool_0
test_truthiness_edge_cases.py(66, 4): ❓ unknown - assert(1774)
test_truthiness_edge_cases.py(67, 12): ❓ unknown - Check PNot exception
test_truthiness_edge_cases.py(67, 4): ✅ pass - assert_assert(1803)_calls_Any_to_bool_0
test_truthiness_edge_cases.py(67, 4): ❓ unknown - assert(1803)
test_truthiness_edge_cases.py(70, 12): ✅ pass - Check PNot exception
test_truthiness_edge_cases.py(70, 4): ✅ pass - assert_assert(1855)_calls_Any_to_bool_0
test_truthiness_edge_cases.py(70, 4): ❓ unknown - assert(1855)
test_truthiness_edge_cases.py(71, 12): ✅ pass - Check PNot exception
test_truthiness_edge_cases.py(71, 4): ✅ pass - assert_assert(1883)_calls_Any_to_bool_0
test_truthiness_edge_cases.py(71, 4): ❓ unknown - assert(1883)
test_truthiness_edge_cases.py(74, 12): ✅ pass - Check PNot exception
test_truthiness_edge_cases.py(74, 4): ✅ pass - assert_assert(1936)_calls_Any_to_bool_0
test_truthiness_edge_cases.py(74, 4): ❓ unknown - assert(1936)
test_truthiness_edge_cases.py(75, 12): ✅ pass - Check PNot exception
test_truthiness_edge_cases.py(75, 4): ✅ pass - assert_assert(1964)_calls_Any_to_bool_0
test_truthiness_edge_cases.py(75, 4): ❓ unknown - assert(1964)
test_truthiness_edge_cases.py(79, 12): ✅ pass - Check PNot exception
test_truthiness_edge_cases.py(79, 4): ✅ pass - assert_assert(2073)_calls_Any_to_bool_0
test_truthiness_edge_cases.py(79, 4): ❓ unknown - assert(2073)
test_truthiness_edge_cases.py(80, 12): ✅ pass - Check PNot exception
test_truthiness_edge_cases.py(80, 4): ✅ pass - assert_assert(2101)_calls_Any_to_bool_0
test_truthiness_edge_cases.py(80, 4): ❓ unknown - assert(2101)
test_truthiness_edge_cases.py(88, 12): ✅ pass - assert_assert(2399)_calls_PAnd_0
test_truthiness_edge_cases.py(88, 12): ✅ pass - Check PAnd exception
test_truthiness_edge_cases.py(88, 4): ✅ pass - assert_assert(2391)_calls_PAnd_0
test_truthiness_edge_cases.py(88, 4): ✅ pass - assert_assert(2391)_calls_Any_to_bool_1
test_truthiness_edge_cases.py(88, 4): ✅ pass - assert(2391)
test_truthiness_edge_cases.py(89, 12): ✅ pass - assert_assert(2434)_calls_PAnd_0
test_truthiness_edge_cases.py(89, 12): ✅ pass - Check PAnd exception
test_truthiness_edge_cases.py(89, 4): ✅ pass - assert_assert(2426)_calls_PAnd_0
test_truthiness_edge_cases.py(89, 4): ✅ pass - assert_assert(2426)_calls_Any_to_bool_1
test_truthiness_edge_cases.py(89, 4): ✅ pass - assert(2426)
test_truthiness_edge_cases.py(90, 12): ✅ pass - assert_assert(2471)_calls_PAnd_0
test_truthiness_edge_cases.py(90, 12): ✅ pass - Check PAnd exception
test_truthiness_edge_cases.py(90, 4): ✅ pass - assert_assert(2463)_calls_PAnd_0
test_truthiness_edge_cases.py(90, 4): ✅ pass - assert_assert(2463)_calls_Any_to_bool_1
test_truthiness_edge_cases.py(90, 4): ✅ pass - assert(2463)
test_truthiness_edge_cases.py(93, 12): ✅ pass - assert_assert(2530)_calls_PAnd_0
test_truthiness_edge_cases.py(93, 12): ✅ pass - Check PAnd exception
test_truthiness_edge_cases.py(93, 4): ✅ pass - assert_assert(2522)_calls_PAnd_0
test_truthiness_edge_cases.py(93, 4): ✅ pass - assert_assert(2522)_calls_Any_to_bool_1
test_truthiness_edge_cases.py(93, 4): ✅ pass - assert(2522)
test_truthiness_edge_cases.py(94, 12): ✅ pass - assert_assert(2565)_calls_PAnd_0
test_truthiness_edge_cases.py(94, 12): ✅ pass - Check PAnd exception
test_truthiness_edge_cases.py(94, 4): ✅ pass - assert_assert(2557)_calls_PAnd_0
test_truthiness_edge_cases.py(94, 4): ✅ pass - assert_assert(2557)_calls_Any_to_bool_1
test_truthiness_edge_cases.py(94, 4): ✅ pass - assert(2557)
test_truthiness_edge_cases.py(97, 12): ✅ pass - assert_assert(2619)_calls_PAnd_0
test_truthiness_edge_cases.py(97, 12): ✅ pass - Check PAnd exception
test_truthiness_edge_cases.py(97, 4): ✅ pass - assert_assert(2611)_calls_PAnd_0
test_truthiness_edge_cases.py(97, 4): ✅ pass - assert_assert(2611)_calls_Any_to_bool_1
test_truthiness_edge_cases.py(97, 4): ✅ pass - assert(2611)
test_truthiness_edge_cases.py(98, 12): ✅ pass - assert_assert(2651)_calls_PAnd_0
test_truthiness_edge_cases.py(98, 12): ✅ pass - Check PAnd exception
test_truthiness_edge_cases.py(98, 4): ✅ pass - assert_assert(2643)_calls_PAnd_0
test_truthiness_edge_cases.py(98, 4): ✅ pass - assert_assert(2643)_calls_Any_to_bool_1
test_truthiness_edge_cases.py(98, 4): ✅ pass - assert(2643)
test_truthiness_edge_cases.py(102, 12): ❓ unknown - assert_assert(2760)_calls_PAnd_0
test_truthiness_edge_cases.py(102, 12): ❓ unknown - Check PAnd exception
test_truthiness_edge_cases.py(102, 4): ❓ unknown - assert_assert(2752)_calls_PAnd_0
test_truthiness_edge_cases.py(102, 4): ✅ pass - assert_assert(2752)_calls_Any_to_bool_1
test_truthiness_edge_cases.py(102, 4): ❓ unknown - assert(2752)
test_truthiness_edge_cases.py(103, 12): ❓ unknown - assert_assert(2792)_calls_PAnd_0
test_truthiness_edge_cases.py(103, 12): ❓ unknown - Check PAnd exception
test_truthiness_edge_cases.py(103, 4): ❓ unknown - assert_assert(2784)_calls_PAnd_0
test_truthiness_edge_cases.py(103, 4): ✅ pass - assert_assert(2784)_calls_Any_to_bool_1
test_truthiness_edge_cases.py(103, 4): ❓ unknown - assert(2784)
test_truthiness_edge_cases.py(106, 12): ✅ pass - assert_assert(2845)_calls_PAnd_0
test_truthiness_edge_cases.py(106, 12): ✅ pass - Check PAnd exception
test_truthiness_edge_cases.py(106, 4): ✅ pass - assert_assert(2837)_calls_PAnd_0
test_truthiness_edge_cases.py(106, 4): ✅ pass - assert_assert(2837)_calls_Any_to_bool_1
test_truthiness_edge_cases.py(106, 4): ✅ pass - assert(2837)
test_truthiness_edge_cases.py(107, 12): ✅ pass - assert_assert(2873)_calls_PAnd_0
test_truthiness_edge_cases.py(107, 12): ✅ pass - Check PAnd exception
test_truthiness_edge_cases.py(107, 4): ✅ pass - assert_assert(2865)_calls_PAnd_0
test_truthiness_edge_cases.py(107, 4): ✅ pass - assert_assert(2865)_calls_Any_to_bool_1
test_truthiness_edge_cases.py(107, 4): ✅ pass - assert(2865)
test_truthiness_edge_cases.py(111, 12): ✅ pass - assert_assert(2971)_calls_PAnd_0
test_truthiness_edge_cases.py(111, 12): ✅ pass - Check PAnd exception
test_truthiness_edge_cases.py(111, 4): ✅ pass - assert_assert(2963)_calls_PAnd_0
test_truthiness_edge_cases.py(111, 4): ✅ pass - assert_assert(2963)_calls_Any_to_bool_1
test_truthiness_edge_cases.py(111, 4): ✅ pass - assert(2963)
test_truthiness_edge_cases.py(112, 12): ✅ pass - assert_assert(2999)_calls_PAnd_0
test_truthiness_edge_cases.py(112, 12): ✅ pass - Check PAnd exception
test_truthiness_edge_cases.py(112, 4): ✅ pass - assert_assert(2991)_calls_PAnd_0
test_truthiness_edge_cases.py(112, 4): ✅ pass - assert_assert(2991)_calls_Any_to_bool_1
test_truthiness_edge_cases.py(112, 4): ✅ pass - assert(2991)
test_truthiness_edge_cases.py(116, 12): ✅ pass - assert_assert(3096)_calls_PAnd_0
test_truthiness_edge_cases.py(116, 12): ✅ pass - Check PAnd exception
test_truthiness_edge_cases.py(116, 4): ✅ pass - assert_assert(3088)_calls_PAnd_0
test_truthiness_edge_cases.py(116, 4): ✅ pass - assert_assert(3088)_calls_Any_to_bool_1
test_truthiness_edge_cases.py(116, 4): ✅ pass - assert(3088)
test_truthiness_edge_cases.py(117, 12): ✅ pass - assert_assert(3124)_calls_PAnd_0
test_truthiness_edge_cases.py(117, 12): ✅ pass - Check PAnd exception
test_truthiness_edge_cases.py(117, 4): ✅ pass - assert_assert(3116)_calls_PAnd_0
test_truthiness_edge_cases.py(117, 4): ✅ pass - assert_assert(3116)_calls_Any_to_bool_1
test_truthiness_edge_cases.py(117, 4): ✅ pass - assert(3116)
test_truthiness_edge_cases.py(125, 12): ✅ pass - assert_assert(3409)_calls_POr_0
test_truthiness_edge_cases.py(125, 12): ✅ pass - Check POr exception
test_truthiness_edge_cases.py(125, 4): ✅ pass - assert_assert(3401)_calls_POr_0
test_truthiness_edge_cases.py(125, 4): ✅ pass - assert_assert(3401)_calls_Any_to_bool_1
test_truthiness_edge_cases.py(125, 4): ✅ pass - assert(3401)
test_truthiness_edge_cases.py(126, 12): ✅ pass - assert_assert(3444)_calls_POr_0
test_truthiness_edge_cases.py(126, 12): ✅ pass - Check POr exception
test_truthiness_edge_cases.py(126, 4): ✅ pass - assert_assert(3436)_calls_POr_0
test_truthiness_edge_cases.py(126, 4): ✅ pass - assert_assert(3436)_calls_Any_to_bool_1
test_truthiness_edge_cases.py(126, 4): ✅ pass - assert(3436)
test_truthiness_edge_cases.py(127, 12): ✅ pass - assert_assert(3479)_calls_POr_0
test_truthiness_edge_cases.py(127, 12): ✅ pass - Check POr exception
test_truthiness_edge_cases.py(127, 4): ✅ pass - assert_assert(3471)_calls_POr_0
test_truthiness_edge_cases.py(127, 4): ✅ pass - assert_assert(3471)_calls_Any_to_bool_1
test_truthiness_edge_cases.py(127, 4): ✅ pass - assert(3471)
test_truthiness_edge_cases.py(130, 12): ✅ pass - assert_assert(3537)_calls_POr_0
test_truthiness_edge_cases.py(130, 12): ✅ pass - Check POr exception
test_truthiness_edge_cases.py(130, 4): ✅ pass - assert_assert(3529)_calls_POr_0
test_truthiness_edge_cases.py(130, 4): ✅ pass - assert_assert(3529)_calls_Any_to_bool_1
test_truthiness_edge_cases.py(130, 4): ✅ pass - assert(3529)
test_truthiness_edge_cases.py(131, 12): ✅ pass - assert_assert(3567)_calls_POr_0
test_truthiness_edge_cases.py(131, 12): ✅ pass - Check POr exception
test_truthiness_edge_cases.py(131, 4): ✅ pass - assert_assert(3559)_calls_POr_0
test_truthiness_edge_cases.py(131, 4): ✅ pass - assert_assert(3559)_calls_Any_to_bool_1
test_truthiness_edge_cases.py(131, 4): ✅ pass - assert(3559)
test_truthiness_edge_cases.py(134, 12): ✅ pass - assert_assert(3623)_calls_POr_0
test_truthiness_edge_cases.py(134, 12): ✅ pass - Check POr exception
test_truthiness_edge_cases.py(134, 4): ✅ pass - assert_assert(3615)_calls_POr_0
test_truthiness_edge_cases.py(134, 4): ✅ pass - assert_assert(3615)_calls_Any_to_bool_1
test_truthiness_edge_cases.py(134, 4): ✅ pass - assert(3615)
test_truthiness_edge_cases.py(135, 12): ✅ pass - assert_assert(3660)_calls_POr_0
test_truthiness_edge_cases.py(135, 12): ✅ pass - Check POr exception
test_truthiness_edge_cases.py(135, 4): ✅ pass - assert_assert(3652)_calls_POr_0
test_truthiness_edge_cases.py(135, 4): ✅ pass - assert_assert(3652)_calls_Any_to_bool_1
test_truthiness_edge_cases.py(135, 4): ✅ pass - assert(3652)
test_truthiness_edge_cases.py(139, 12): ❓ unknown - assert_assert(3760)_calls_POr_0
test_truthiness_edge_cases.py(139, 12): ❓ unknown - Check POr exception
test_truthiness_edge_cases.py(139, 4): ❓ unknown - assert_assert(3752)_calls_POr_0
test_truthiness_edge_cases.py(139, 4): ✅ pass - assert_assert(3752)_calls_Any_to_bool_1
test_truthiness_edge_cases.py(139, 4): ❓ unknown - assert(3752)
test_truthiness_edge_cases.py(140, 12): ❓ unknown - assert_assert(3791)_calls_POr_0
test_truthiness_edge_cases.py(140, 12): ❓ unknown - Check POr exception
test_truthiness_edge_cases.py(140, 4): ❓ unknown - assert_assert(3783)_calls_POr_0
test_truthiness_edge_cases.py(140, 4): ✅ pass - assert_assert(3783)_calls_Any_to_bool_1
test_truthiness_edge_cases.py(140, 4): ❓ unknown - assert(3783)
test_truthiness_edge_cases.py(143, 12): ✅ pass - assert_assert(3842)_calls_POr_0
test_truthiness_edge_cases.py(143, 12): ✅ pass - Check POr exception
test_truthiness_edge_cases.py(143, 4): ✅ pass - assert_assert(3834)_calls_POr_0
test_truthiness_edge_cases.py(143, 4): ✅ pass - assert_assert(3834)_calls_Any_to_bool_1
test_truthiness_edge_cases.py(143, 4): ✅ pass - assert(3834)
test_truthiness_edge_cases.py(144, 12): ✅ pass - assert_assert(3868)_calls_POr_0
test_truthiness_edge_cases.py(144, 12): ✅ pass - Check POr exception
test_truthiness_edge_cases.py(144, 4): ✅ pass - assert_assert(3860)_calls_POr_0
test_truthiness_edge_cases.py(144, 4): ✅ pass - assert_assert(3860)_calls_Any_to_bool_1
test_truthiness_edge_cases.py(144, 4): ✅ pass - assert(3860)
test_truthiness_edge_cases.py(148, 12): ✅ pass - assert_assert(3966)_calls_POr_0
test_truthiness_edge_cases.py(148, 12): ✅ pass - Check POr exception
test_truthiness_edge_cases.py(148, 4): ✅ pass - assert_assert(3958)_calls_POr_0
test_truthiness_edge_cases.py(148, 4): ✅ pass - assert_assert(3958)_calls_Any_to_bool_1
test_truthiness_edge_cases.py(148, 4): ✅ pass - assert(3958)
test_truthiness_edge_cases.py(149, 12): ✅ pass - assert_assert(3992)_calls_POr_0
test_truthiness_edge_cases.py(149, 12): ✅ pass - Check POr exception
test_truthiness_edge_cases.py(149, 4): ✅ pass - assert_assert(3984)_calls_POr_0
test_truthiness_edge_cases.py(149, 4): ✅ pass - assert_assert(3984)_calls_Any_to_bool_1
test_truthiness_edge_cases.py(149, 4): ✅ pass - assert(3984)
test_truthiness_edge_cases.py(153, 12): ✅ pass - assert_assert(4088)_calls_POr_0
test_truthiness_edge_cases.py(153, 12): ✅ pass - Check POr exception
test_truthiness_edge_cases.py(153, 4): ✅ pass - assert_assert(4080)_calls_POr_0
test_truthiness_edge_cases.py(153, 4): ✅ pass - assert_assert(4080)_calls_Any_to_bool_1
test_truthiness_edge_cases.py(153, 4): ✅ pass - assert(4080)
test_truthiness_edge_cases.py(154, 12): ✅ pass - assert_assert(4114)_calls_POr_0
test_truthiness_edge_cases.py(154, 12): ✅ pass - Check POr exception
test_truthiness_edge_cases.py(154, 4): ✅ pass - assert_assert(4106)_calls_POr_0
test_truthiness_edge_cases.py(154, 4): ✅ pass - assert_assert(4106)_calls_Any_to_bool_1
test_truthiness_edge_cases.py(154, 4): ✅ pass - assert(4106)
DETAIL: 176 passed, 0 failed, 43 inconclusive
RESULT: Inconclusive
