DETAIL: Laurel to Core translation failed: [test_nested_calls.py(116-125) calls to procedures are not supported in functions or contracts, test_nested_calls.py(139-148) calls to procedures are not supported in functions or contracts, test_nested_calls.py(216-225) calls to procedures are not supported in functions or contracts, test_nested_calls.py(239-249) calls to procedures are not supported in functions or contracts, test_nested_calls.py(318-328) calls to procedures are not supported in functions or contracts, test_nested_calls.py(342-351) calls to procedures are not supported in functions or contracts]
RESULT: Internal error
