
==== Verification Results ====
postcondition: ✅ pass (at byte 5702)
postcondition: ✅ pass (at byte 5909)
postcondition: ✅ pass (at byte 6701)
assert(7469): ✅ pass (at byte 7469)
assert(7532): ✅ pass (at byte 7532)
assert(7676): ✅ pass (at byte 7676)
postcondition: ✅ pass (at byte 7388)
assert(114): ✅ pass (at line 6, col 4)
assert(264): ✅ pass (at line 11, col 4)
