test_chained_compare_triple.py(3, 4): ❓ unknown - test_chained_compare_triple_assert(78)_6
test_chained_compare_triple.py(4, 4): ❓ unknown - test_chained_compare_triple_assert(93)_7
test_chained_compare_triple.py(5, 11): ❓ unknown - Check PAnd exception
test_chained_compare_triple.py(5, 4): ❓ unknown - triple chain
test_chained_compare_triple.py(6, 11): ❓ unknown - Check PAnd exception
test_chained_compare_triple.py(6, 4): ❌ fail - reversed triple should fail
test_chained_compare_triple.py(7, 11): ❓ unknown - Check PGt exception
test_chained_compare_triple.py(7, 4): ❌ fail - should fail: x is 3
DETAIL: 0 passed, 2 failed, 6 inconclusive
RESULT: Failures found
