
==== Verification Results ====
PFloorDiv_body_calls_Int.SafeDiv_0: ✅ pass
PFloorDiv_body_calls_Int.SafeDiv_1: ✅ pass
PFloorDiv_body_calls_Int.SafeDiv_2: ✅ pass
PFloorDiv_body_calls_Int.SafeDiv_3: ✅ pass
PAnd_body_calls_Any_to_bool_0: ✅ pass
POr_body_calls_Any_to_bool_0: ✅ pass
assert(21538): ✅ pass (at byte 21538)
assert(21615): ✅ pass (at byte 21615)
assert(21724): ✅ pass (at byte 21724)
postcondition: ✅ pass (at byte 21476)
List_get_body_calls_List_get_0: ✅ pass
List_take_body_calls_List_take_0: ✅ pass
List_drop_body_calls_List_drop_0: ✅ pass
List_slice_body_calls_List_take_0: ✅ pass
List_slice_body_calls_List_drop_1: ✅ pass
List_set_body_calls_List_set_0: ✅ pass
DictStrAny_get_body_calls_DictStrAny_get_0: ✅ pass
Any_get_body_calls_DictStrAny_get_0: ✅ pass
Any_get_body_calls_List_get_1: ✅ pass
Any_get!_body_calls_DictStrAny_get_0: ✅ pass
Any_get!_body_calls_List_get_1: ✅ pass
Any_set_body_calls_List_set_0: ✅ pass
Any_set!_body_calls_List_set_0: ✅ pass
