test_class_with_methods.py(19, 4): ✔️ always true if reached - precondition
unknown location: ✔️ always true if reached - set_$heap_calls_DataStore@__init__$result..out0_0
test_class_with_methods.py(20, 4): ✔️ always true if reached - precondition
unknown location: ✔️ always true if reached - set_$heap_calls_DataStore@add$result..out0_0
unknown location: ✔️ always true if reached - set_$tmp0_calls_DataStore@add$result..out1_0
test_class_with_methods.py(21, 4): ✔️ always true if reached - precondition
unknown location: ✔️ always true if reached - set_$heap_calls_DataStore@add$result..out0_0
unknown location: ✔️ always true if reached - set_$tmp1_calls_DataStore@add$result..out1_0
test_class_with_methods.py(23, 4): ✔️ always true if reached - precondition
test_class_with_methods.py(23, 4): ❓ unknown - assert(484)
test_class_with_methods.py(24, 4): ✔️ always true if reached - assert_assert(517)_calls_Any_to_bool_0
test_class_with_methods.py(24, 4): ❓ unknown - get_count should return 30
test_class_with_methods.py(26, 4): ✔️ always true if reached - precondition
test_class_with_methods.py(26, 4): ❓ unknown - assert(569)
test_class_with_methods.py(27, 4): ✔️ always true if reached - assert_assert(602)_calls_Any_to_bool_0
test_class_with_methods.py(27, 4): ❓ unknown - get_name should return mystore
test_class_with_methods.py(29, 4): ✔️ always true if reached - (Origin_test_helper_procedure_Requires)req_name_is_foo, (Origin_test_helper_procedure_Requires)req_opt_name_none_or_str, (Origin_test_helper_procedure_Requires)req_opt_name_none_or_bar
unknown location: ✔️ always true if reached - set_nullcall_ret_calls_test_helper_procedure$result..out0_0
test_class_with_methods.py(18, 0): ❓ unknown - postcondition
test_class_with_methods.py(31, 0): ✔️ always true if reached - ite_cond_calls_Any_to_bool_0
unknown location: ✔️ always true if reached - set_$heap_calls_main$result..out0_0
DETAIL: 16 passed, 0 failed, 5 inconclusive
RESULT: Inconclusive
