
==== Verification Results ====
PFloorDiv_body_calls_Int.SafeDiv_0: ✅ pass
PFloorDiv_body_calls_Int.SafeDiv_1: ✅ pass
PFloorDiv_body_calls_Int.SafeDiv_2: ✅ pass
PFloorDiv_body_calls_Int.SafeDiv_3: ✅ pass
PAnd_body_calls_Any_to_bool_0: ✅ pass
PAnd_body_calls_Any_to_bool_1: ✅ pass
POr_body_calls_Any_to_bool_0: ✅ pass
POr_body_calls_Any_to_bool_1: ✅ pass
ret_type: ✅ pass (at byte 25194)
ret_type: ✅ pass (at byte 25627)
ret_pos: ✅ pass (at byte 26125)
assert_name_is_foo: ✅ pass (at byte 27129)
assert_opt_name_none_or_str: ✅ pass (at byte 27192)
assert_opt_name_none_or_bar: ✅ pass (at byte 27296)
ensures_maybe_except_none: ✅ pass (at byte 27052)
assert_assert(59)_calls_Any_to_bool_0: ✅ pass (at line 4, col 4)
assert(59): ✅ pass (at line 4, col 4)
assert_assert(104)_calls_Any_to_bool_0: ✅ pass (at line 6, col 4)
assert(104): ✅ pass (at line 6, col 4)
assert_assert(158)_calls_Any_to_bool_0: ✅ pass (at line 8, col 4)
assert(158): ✅ pass (at line 8, col 4)
loop_guard_calls_Any_to_bool_0: ✅ pass (at line 13, col 4)
assert_assert(318)_calls_Any_to_bool_0: ✅ pass (at line 16, col 4)
assert(318): 🟡 unknown (at line 16, col 4)
assert_assert(496)_calls_Any_to_bool_0: ✅ pass (at line 25, col 4)
assert(496): ✅ pass (at line 25, col 4)
assert_assert(612)_calls_Any_to_bool_0: ✅ pass (at line 32, col 4)
assert(612): ✅ pass (at line 32, col 4)
