test_class_mixed_init.py(12, 4): ✔️ always true if reached - precondition
unknown location: ✔️ always true if reached - set_$heap_calls_WithInit@__init__$result..out0_0
test_class_mixed_init.py(13, 4): ✔️ always true if reached - precondition
test_class_mixed_init.py(14, 4): ✔️ always true if reached - assert_assert(223)_calls_Any_to_bool_0
test_class_mixed_init.py(14, 4): ❓ unknown - class with init
test_class_mixed_init.py(11, 0): ❓ unknown - postcondition
unknown location: ✔️ always true if reached - set_$heap_calls_test$result..out0_0
DETAIL: 5 passed, 0 failed, 2 inconclusive
RESULT: Inconclusive
