test_module_level.py(9, 0): ✅ pass
test_module_level.py(9, 0): ✅ pass
test_module_level.py(9, 0): ✅ pass
test_module_level.py(10, 0): ✅ pass
test_module_level.py(10, 0): ✅ pass
test_module_level.py(10, 0): ✅ pass
test_module_level.py(13, 0): ✅ pass
test_module_level.py(13, 0): ✅ pass
test_module_level.py(13, 0): ✅ pass
test_module_level.py(14, 0): ✅ pass
test_module_level.py(14, 0): ✅ pass
test_module_level.py(14, 0): ✅ pass
test_module_level.py(15, 0): ✅ pass
test_module_level.py(15, 0): ✅ pass
test_module_level.py(15, 0): ✅ pass
DETAIL: 15 passed, 0 failed, 0 inconclusive
RESULT: Analysis success
