✅ pass - set_m_calls_re_fullmatch_0
test_regex_negative.py(10, 4): ✅ pass - assert_assert(272)_calls_Any_to_bool_0
test_regex_negative.py(10, 4): ❓ unknown - assert(272)
✅ pass - set_m_calls_re_fullmatch_0
test_regex_negative.py(13, 4): ✅ pass - assert_assert(365)_calls_Any_to_bool_0
test_regex_negative.py(13, 4): ❓ unknown - assert(365)
✅ pass - set_m_calls_re_fullmatch_0
test_regex_negative.py(16, 4): ✅ pass - assert_assert(465)_calls_Any_to_bool_0
test_regex_negative.py(16, 4): ❓ unknown - assert(465)
✅ pass - set_m_calls_re_fullmatch_0
test_regex_negative.py(20, 4): ✅ pass - assert_assert(603)_calls_Any_to_bool_0
test_regex_negative.py(20, 4): ❓ unknown - assert(603)
✅ pass - set_m_calls_re_search_0
test_regex_negative.py(23, 4): ✅ pass - assert_assert(702)_calls_Any_to_bool_0
test_regex_negative.py(23, 4): ❓ unknown - assert(702)
✅ pass - set_m_calls_re_search_0
test_regex_negative.py(26, 4): ✅ pass - assert_assert(797)_calls_Any_to_bool_0
test_regex_negative.py(26, 4): ❓ unknown - assert(797)
✅ pass - set_m_calls_re_match_0
test_regex_negative.py(29, 4): ✅ pass - assert_assert(888)_calls_Any_to_bool_0
test_regex_negative.py(29, 4): ❓ unknown - assert(888)
✅ pass - set_p_calls_re_compile_0
✅ pass - set_m_calls_re_search_0
test_regex_negative.py(34, 4): ✅ pass - assert_assert(1038)_calls_Any_to_bool_0
test_regex_negative.py(34, 4): ❓ unknown - assert(1038)
✅ pass - set_m_calls_re_match_0
test_regex_negative.py(37, 4): ✅ pass - assert_assert(1133)_calls_Any_to_bool_0
test_regex_negative.py(37, 4): ❓ unknown - assert(1133)
✅ pass - set_m_calls_re_fullmatch_0
test_regex_negative.py(47, 4): ✅ pass - assert_assert(1495)_calls_Any_to_bool_0
test_regex_negative.py(47, 4): ❌ fail - assert(1495)
✅ pass - set_m_calls_re_fullmatch_0
test_regex_negative.py(54, 4): ✅ pass - assert_assert(1667)_calls_Any_to_bool_0
test_regex_negative.py(54, 4): ❌ fail - assert(1667)
✅ pass - set_m_calls_re_fullmatch_0
test_regex_negative.py(61, 4): ✅ pass - assert_assert(1846)_calls_Any_to_bool_0
test_regex_negative.py(61, 4): ❌ fail - assert(1846)
✅ pass - set_m_calls_re_search_0
test_regex_negative.py(68, 4): ✅ pass - assert_assert(2015)_calls_Any_to_bool_0
test_regex_negative.py(68, 4): ❌ fail - assert(2015)
✅ pass - set_m_calls_re_match_0
test_regex_negative.py(75, 4): ✅ pass - assert_assert(2193)_calls_Any_to_bool_0
test_regex_negative.py(75, 4): ❌ fail - assert(2193)
✅ pass - set_m_calls_re_search_0
test_regex_negative.py(84, 4): ✅ pass - assert_assert(2681)_calls_Any_to_bool_0
test_regex_negative.py(84, 4): ❓ unknown - assert(2681)
✅ pass - set_m_calls_re_fullmatch_0
test_regex_negative.py(87, 4): ✅ pass - assert_assert(2805)_calls_Any_to_bool_0
test_regex_negative.py(87, 4): ❓ unknown - assert(2805)
✅ pass - set_m_calls_re_fullmatch_0
test_regex_negative.py(90, 4): ✅ pass - assert_assert(2918)_calls_Any_to_bool_0
test_regex_negative.py(90, 4): ❓ unknown - assert(2918)
✅ pass - set_m_calls_re_search_0
test_regex_negative.py(93, 4): ✅ pass - assert_assert(3027)_calls_Any_to_bool_0
test_regex_negative.py(93, 4): ❓ unknown - assert(3027)
✅ pass - set_m_calls_re_fullmatch_0
test_regex_negative.py(97, 4): ✅ pass - assert_assert(3187)_calls_Any_to_bool_0
test_regex_negative.py(97, 4): ❓ unknown - assert(3187)
✅ pass - set_m_calls_re_fullmatch_0
test_regex_negative.py(100, 4): ✅ pass - assert_assert(3309)_calls_Any_to_bool_0
test_regex_negative.py(100, 4): ❓ unknown - assert(3309)
✅ pass - set_m_calls_re_search_0
test_regex_negative.py(104, 4): ✅ pass - assert_assert(3492)_calls_Any_to_bool_0
test_regex_negative.py(104, 4): ❓ unknown - assert(3492)
✅ pass - set_m_calls_re_fullmatch_0
test_regex_negative.py(107, 4): ✅ pass - assert_assert(3597)_calls_Any_to_bool_0
test_regex_negative.py(107, 4): ❓ unknown - assert(3597)
✅ pass - set_m_calls_re_search_0
test_regex_negative.py(111, 4): ✅ pass - assert_assert(3759)_calls_Any_to_bool_0
test_regex_negative.py(111, 4): ❓ unknown - assert(3759)
✅ pass - set_m_calls_re_search_0
test_regex_negative.py(114, 4): ✅ pass - assert_assert(3866)_calls_Any_to_bool_0
test_regex_negative.py(114, 4): ❓ unknown - assert(3866)
test_regex_negative.py(116, 0): ✅ pass - ite_cond_calls_Any_to_bool_0
DETAIL: 50 passed, 5 failed, 19 inconclusive
RESULT: Failures found
