test_method_call_with_kwargs.py(8, 0): ✅ pass - (MyClass@__init__ requires) Type constraint of ip1, (MyClass@__init__ requires) Type constraint of ip2, (MyClass@__init__ requires) Type constraint of ip3
test_method_call_with_kwargs.py(9, 0): ✅ pass - (MyClass@some_method requires) Type constraint of ip1, (MyClass@some_method requires) Type constraint of ip2, (MyClass@some_method requires) Type constraint of ip3
DETAIL: 2 passed, 0 failed, 0 inconclusive
RESULT: Analysis success
