test_deep_inline.py(3, 11): ✔️ always true if reached - Check PAdd exception
test_deep_inline.py(6, 4): ✔️ always true if reached - (inc requires) Type constraint of x
test_deep_inline.py(6, 4): ✔️ always true if reached - assert(135)
test_deep_inline.py(7, 11): ✔️ always true if reached - Check PMul exception
test_deep_inline.py(10, 4): ✔️ always true if reached - (double_inc requires) Type constraint of x
test_deep_inline.py(10, 4): ✔️ always true if reached - assert(206)
test_deep_inline.py(11, 4): ✔️ always true if reached - (inc requires) Type constraint of x
test_deep_inline.py(11, 4): ✔️ always true if reached - assert(233)
test_deep_inline.py(15, 4): ✔️ always true if reached - (triple_apply requires) Type constraint of x
test_deep_inline.py(15, 4): ✔️ always true if reached - assert(279)
test_deep_inline.py(17, 4): ✔️ always true if reached - assert_assert(395)_calls_Any_to_bool_0
test_deep_inline.py(17, 4): ❓ unknown - triple_apply(3) should be 9
test_deep_inline.py(18, 4): ✔️ always true if reached - assert_assert(444)_calls_Any_to_bool_0
test_deep_inline.py(18, 4): ❓ unknown - triple_apply(3) should not be 10
test_deep_inline.py(20, 0): ✔️ always true if reached - ite_cond_calls_Any_to_bool_0
DETAIL: 13 passed, 0 failed, 2 inconclusive
RESULT: Inconclusive
