test_boolean_logic.py(5, 4): ✅ pass
test_boolean_logic.py(5, 4): ✅ pass
test_boolean_logic.py(5, 4): ✅ pass
test_boolean_logic.py(6, 4): ✅ pass
test_boolean_logic.py(6, 4): ✅ pass
test_boolean_logic.py(6, 4): ✅ pass
test_boolean_logic.py(9, 4): ✅ pass
test_boolean_logic.py(9, 4): ✅ pass
test_boolean_logic.py(9, 4): ✅ pass
test_boolean_logic.py(10, 4): ✅ pass
test_boolean_logic.py(10, 4): ✅ pass
test_boolean_logic.py(10, 4): ✅ pass
test_boolean_logic.py(13, 4): ✅ pass
test_boolean_logic.py(13, 4): ✅ pass
test_boolean_logic.py(14, 4): ✅ pass
test_boolean_logic.py(14, 4): ✅ pass
test_boolean_logic.py(21, 4): ✅ pass
test_boolean_logic.py(21, 4): ✅ pass
test_boolean_logic.py(25, 4): ✅ pass
test_boolean_logic.py(25, 4): ✅ pass
test_boolean_logic.py(27, 4): ✅ pass
test_boolean_logic.py(27, 4): ✅ pass
test_boolean_logic.py(31, 4): ✅ pass
test_boolean_logic.py(31, 4): ✅ pass
test_boolean_logic.py(33, 4): ✅ pass
test_boolean_logic.py(37, 4): ✅ pass
test_boolean_logic.py(37, 4): ✅ pass
test_boolean_logic.py(39, 0): ✅ pass
DETAIL: 28 passed, 0 failed, 0 inconclusive
RESULT: Analysis success
