
==== Verification Results ====
postcondition: ✅ pass (in prelude file)
List_take_len_post_postcondition_calls_List_take_0: ✅ pass (in prelude file)
postcondition: ✅ pass (in prelude file)
List_drop_len_post_postcondition_calls_List_drop_0: ✅ pass (in prelude file)
postcondition: ✅ pass (in prelude file)
postcondition: ✅ pass (in prelude file)
ret_type: ✅ pass (in prelude file)
ret_type: ✅ pass (in prelude file)
ret_pos: ✅ pass (in prelude file)
assert_name_is_foo: ✅ pass (in prelude file)
assert_opt_name_none_or_str: ✅ pass (in prelude file)
assert_opt_name_none_or_bar: ✅ pass (in prelude file)
ensures_maybe_except_none: ✅ pass (in prelude file)
assert_assert(170)_calls_Any_to_bool_0: ✅ pass (at line 8, col 4)
Assertion failed at line 8, col 4: assert(170): ❌ fail
assert_assert(471)_calls_Any_to_bool_0: ✅ pass (at line 21, col 4)
Assertion failed at line 21, col 4: assert(471): ❌ fail
assert_assert(693)_calls_Any_to_bool_0: ✅ pass (at line 31, col 4)
assert(693): ✅ pass (at line 31, col 4)

DETAIL: 17 passed, 2 failed, 0 inconclusive
RESULT: Failures found
