test_for_loop.py(3, 4): ✅ pass - assert(64)
unknown location: ✅ pass - assume_assume(0)_calls_PIn_0
unknown location: ✅ pass - assume_assume(0)_calls_Any_to_bool_1
test_for_loop.py(6, 4): ✅ pass - assert_assert(129)_calls_Any_to_bool_0
test_for_loop.py(6, 4): ❓ unknown - assert(129)
test_for_loop.py(11, 4): ✅ pass - assert(274)
unknown location: ✅ pass - assume_assume(0)_calls_PIn_0
unknown location: ✅ pass - assume_assume(0)_calls_Any_to_bool_1
test_for_loop.py(13, 8): ✅ pass - ite_cond_calls_Any_to_bool_0
test_for_loop.py(15, 4): ✅ pass - assert_assert(361)_calls_Any_to_bool_0
test_for_loop.py(15, 4): ❓ unknown - assert(361)
test_for_loop.py(20, 4): ✅ pass - assert(512)
unknown location: ✅ pass - assume_assume(0)_calls_PIn_0
unknown location: ✅ pass - assume_assume(0)_calls_Any_to_bool_1
test_for_loop.py(22, 8): ✅ pass - ite_cond_calls_Any_to_bool_0
test_for_loop.py(25, 4): ✅ pass - assert_assert(611)_calls_Any_to_bool_0
test_for_loop.py(25, 4): ✅ pass - assert(611)
test_for_loop.py(25, 4): ✅ pass - assert_assert(611)_calls_Any_to_bool_0
test_for_loop.py(25, 4): ❓ unknown - assert(611)
unknown location: ✅ pass - assert(0)
DETAIL: 17 passed, 0 failed, 3 inconclusive
RESULT: Inconclusive
