✅ pass
test_regex_positive.py(8, 4): ✅ pass
test_regex_positive.py(8, 4): ✅ pass
✅ pass
test_regex_positive.py(11, 4): ✅ pass
test_regex_positive.py(11, 4): ✅ pass
✅ pass
test_regex_positive.py(15, 4): ✅ pass
test_regex_positive.py(15, 4): ✅ pass
✅ pass
test_regex_positive.py(18, 4): ✅ pass
test_regex_positive.py(18, 4): ✅ pass
✅ pass
test_regex_positive.py(22, 4): ✅ pass
test_regex_positive.py(22, 4): ✅ pass
✅ pass
test_regex_positive.py(25, 4): ✅ pass
test_regex_positive.py(25, 4): ✅ pass
✅ pass
test_regex_positive.py(29, 4): ✅ pass
test_regex_positive.py(29, 4): ✅ pass
✅ pass
test_regex_positive.py(32, 4): ✅ pass
test_regex_positive.py(32, 4): ✅ pass
✅ pass
test_regex_positive.py(36, 4): ✅ pass
test_regex_positive.py(36, 4): ✅ pass
✅ pass
test_regex_positive.py(39, 4): ✅ pass
test_regex_positive.py(39, 4): ✅ pass
✅ pass
test_regex_positive.py(42, 4): ✅ pass
test_regex_positive.py(42, 4): ✅ pass
✅ pass
test_regex_positive.py(46, 4): ✅ pass
test_regex_positive.py(46, 4): ✅ pass
✅ pass
test_regex_positive.py(49, 4): ✅ pass
test_regex_positive.py(49, 4): ✅ pass
✅ pass
test_regex_positive.py(53, 4): ✅ pass
test_regex_positive.py(53, 4): ✅ pass
✅ pass
test_regex_positive.py(56, 4): ✅ pass
test_regex_positive.py(56, 4): ✅ pass
✅ pass
test_regex_positive.py(59, 4): ✅ pass
test_regex_positive.py(59, 4): ✅ pass
✅ pass
test_regex_positive.py(63, 4): ✅ pass
test_regex_positive.py(63, 4): ✅ pass
✅ pass
test_regex_positive.py(66, 4): ✅ pass
test_regex_positive.py(66, 4): ✅ pass
✅ pass
test_regex_positive.py(69, 4): ✅ pass
test_regex_positive.py(69, 4): ✅ pass
✅ pass
test_regex_positive.py(73, 4): ✅ pass
test_regex_positive.py(73, 4): ✅ pass
✅ pass
test_regex_positive.py(76, 4): ✅ pass
test_regex_positive.py(76, 4): ✅ pass
✅ pass
test_regex_positive.py(81, 4): ✅ pass
test_regex_positive.py(81, 4): ✅ pass
✅ pass
test_regex_positive.py(84, 4): ✅ pass
test_regex_positive.py(84, 4): ✅ pass
✅ pass
test_regex_positive.py(87, 4): ✅ pass
test_regex_positive.py(87, 4): ✅ pass
✅ pass
test_regex_positive.py(90, 4): ✅ pass
test_regex_positive.py(90, 4): ✅ pass
✅ pass
test_regex_positive.py(95, 4): ✅ pass
test_regex_positive.py(95, 4): ✅ pass
✅ pass
test_regex_positive.py(98, 4): ✅ pass
test_regex_positive.py(98, 4): ✅ pass
✅ pass
test_regex_positive.py(101, 4): ✅ pass
test_regex_positive.py(101, 4): ✅ pass
✅ pass
test_regex_positive.py(104, 4): ✅ pass
test_regex_positive.py(104, 4): ✅ pass
✅ pass
✅ pass
test_regex_positive.py(111, 4): ✅ pass
test_regex_positive.py(111, 4): ✅ pass
✅ pass
test_regex_positive.py(114, 4): ✅ pass
test_regex_positive.py(114, 4): ✅ pass
✅ pass
test_regex_positive.py(117, 4): ✅ pass
test_regex_positive.py(117, 4): ✅ pass
✅ pass
test_regex_positive.py(120, 4): ✅ pass
test_regex_positive.py(120, 4): ✅ pass
✅ pass
test_regex_positive.py(126, 4): ✅ pass
test_regex_positive.py(126, 4): ✅ pass
✅ pass
test_regex_positive.py(129, 4): ✅ pass
test_regex_positive.py(129, 4): ✅ pass
✅ pass
test_regex_positive.py(133, 4): ✅ pass
test_regex_positive.py(133, 4): ✅ pass
✅ pass
test_regex_positive.py(136, 4): ✅ pass
test_regex_positive.py(136, 4): ✅ pass
✅ pass
test_regex_positive.py(140, 4): ✅ pass
test_regex_positive.py(140, 4): ✅ pass
✅ pass
test_regex_positive.py(143, 4): ✅ pass
test_regex_positive.py(143, 4): ✅ pass
✅ pass
test_regex_positive.py(147, 4): ✅ pass
test_regex_positive.py(147, 4): ✅ pass
✅ pass
test_regex_positive.py(150, 4): ✅ pass
test_regex_positive.py(150, 4): ✅ pass
✅ pass
test_regex_positive.py(153, 4): ✅ pass
test_regex_positive.py(153, 4): ✅ pass
✅ pass
test_regex_positive.py(156, 4): ✅ pass
test_regex_positive.py(156, 4): ✅ pass
✅ pass
test_regex_positive.py(160, 4): ✅ pass
test_regex_positive.py(160, 4): ✅ pass
✅ pass
test_regex_positive.py(163, 4): ✅ pass
test_regex_positive.py(163, 4): ✅ pass
✅ pass
test_regex_positive.py(166, 4): ✅ pass
test_regex_positive.py(166, 4): ✅ pass
✅ pass
test_regex_positive.py(169, 4): ✅ pass
test_regex_positive.py(169, 4): ✅ pass
✅ pass
test_regex_positive.py(175, 4): ✅ pass
test_regex_positive.py(175, 4): ✅ pass
✅ pass
test_regex_positive.py(178, 4): ✅ pass
test_regex_positive.py(178, 4): ✅ pass
✅ pass
test_regex_positive.py(181, 4): ✅ pass
test_regex_positive.py(181, 4): ✅ pass
✅ pass
test_regex_positive.py(184, 4): ✅ pass
test_regex_positive.py(184, 4): ✅ pass
✅ pass
test_regex_positive.py(187, 4): ✅ pass
test_regex_positive.py(187, 4): ✅ pass
✅ pass
test_regex_positive.py(190, 4): ✅ pass
test_regex_positive.py(190, 4): ✅ pass
✅ pass
test_regex_positive.py(193, 4): ✅ pass
test_regex_positive.py(193, 4): ✅ pass
✅ pass
test_regex_positive.py(197, 4): ✅ pass
test_regex_positive.py(197, 4): ✅ pass
✅ pass
test_regex_positive.py(200, 4): ✅ pass
test_regex_positive.py(200, 4): ✅ pass
✅ pass
test_regex_positive.py(203, 4): ✅ pass
test_regex_positive.py(203, 4): ✅ pass
✅ pass
test_regex_positive.py(206, 4): ✅ pass
test_regex_positive.py(206, 4): ✅ pass
✅ pass
test_regex_positive.py(209, 4): ✅ pass
test_regex_positive.py(209, 4): ✅ pass
✅ pass
test_regex_positive.py(212, 4): ✅ pass
test_regex_positive.py(212, 4): ✅ pass
✅ pass
test_regex_positive.py(218, 4): ✅ pass
test_regex_positive.py(218, 4): ✅ pass
✅ pass
test_regex_positive.py(221, 4): ✅ pass
test_regex_positive.py(221, 4): ✅ pass
✅ pass
test_regex_positive.py(224, 4): ✅ pass
test_regex_positive.py(224, 4): ✅ pass
✅ pass
test_regex_positive.py(228, 4): ✅ pass
test_regex_positive.py(228, 4): ✅ pass
✅ pass
test_regex_positive.py(231, 4): ✅ pass
test_regex_positive.py(231, 4): ✅ pass
✅ pass
test_regex_positive.py(234, 4): ✅ pass
test_regex_positive.py(234, 4): ✅ pass
✅ pass
test_regex_positive.py(237, 4): ✅ pass
test_regex_positive.py(237, 4): ✅ pass
✅ pass
test_regex_positive.py(240, 4): ✅ pass
test_regex_positive.py(240, 4): ✅ pass
✅ pass
test_regex_positive.py(243, 4): ✅ pass
test_regex_positive.py(243, 4): ✅ pass
✅ pass
test_regex_positive.py(249, 4): ✅ pass
test_regex_positive.py(249, 4): ✅ pass
✅ pass
test_regex_positive.py(252, 4): ✅ pass
test_regex_positive.py(252, 4): ✅ pass
✅ pass
test_regex_positive.py(256, 4): ✅ pass
test_regex_positive.py(256, 4): ✅ pass
✅ pass
test_regex_positive.py(259, 4): ✅ pass
test_regex_positive.py(259, 4): ✅ pass
✅ pass
test_regex_positive.py(262, 4): ✅ pass
test_regex_positive.py(262, 4): ✅ pass
✅ pass
test_regex_positive.py(266, 4): ✅ pass
test_regex_positive.py(266, 4): ✅ pass
✅ pass
test_regex_positive.py(269, 4): ✅ pass
test_regex_positive.py(269, 4): ✅ pass
✅ pass
test_regex_positive.py(272, 4): ✅ pass
test_regex_positive.py(272, 4): ✅ pass
✅ pass
test_regex_positive.py(275, 4): ✅ pass
test_regex_positive.py(275, 4): ✅ pass
✅ pass
test_regex_positive.py(279, 4): ✅ pass
test_regex_positive.py(279, 4): ✅ pass
✅ pass
test_regex_positive.py(282, 4): ✅ pass
test_regex_positive.py(282, 4): ✅ pass
✅ pass
test_regex_positive.py(285, 4): ✅ pass
test_regex_positive.py(285, 4): ✅ pass
✅ pass
test_regex_positive.py(290, 4): ✅ pass
test_regex_positive.py(290, 4): ✅ pass
✅ pass
test_regex_positive.py(293, 4): ✅ pass
test_regex_positive.py(293, 4): ✅ pass
✅ pass
test_regex_positive.py(296, 4): ✅ pass
test_regex_positive.py(296, 4): ✅ pass
✅ pass
test_regex_positive.py(299, 4): ✅ pass
test_regex_positive.py(299, 4): ✅ pass
✅ pass
test_regex_positive.py(302, 4): ✅ pass
test_regex_positive.py(302, 4): ✅ pass
✅ pass
test_regex_positive.py(305, 4): ✅ pass
test_regex_positive.py(305, 4): ✅ pass
✅ pass
test_regex_positive.py(308, 4): ✅ pass
test_regex_positive.py(308, 4): ✅ pass
✅ pass
test_regex_positive.py(313, 4): ✅ pass
test_regex_positive.py(313, 4): ✅ pass
✅ pass
test_regex_positive.py(316, 4): ✅ pass
test_regex_positive.py(316, 4): ✅ pass
✅ pass
test_regex_positive.py(319, 4): ✅ pass
test_regex_positive.py(319, 4): ✅ pass
✅ pass
test_regex_positive.py(322, 4): ✅ pass
test_regex_positive.py(322, 4): ✅ pass
✅ pass
test_regex_positive.py(325, 4): ✅ pass
test_regex_positive.py(325, 4): ✅ pass
✅ pass
test_regex_positive.py(328, 4): ✅ pass
test_regex_positive.py(328, 4): ✅ pass
✅ pass
test_regex_positive.py(333, 4): ✅ pass
test_regex_positive.py(333, 4): ✅ pass
✅ pass
test_regex_positive.py(336, 4): ✅ pass
test_regex_positive.py(336, 4): ✅ pass
✅ pass
test_regex_positive.py(339, 4): ✅ pass
test_regex_positive.py(339, 4): ✅ pass
✅ pass
test_regex_positive.py(342, 4): ✅ pass
test_regex_positive.py(342, 4): ✅ pass
✅ pass
test_regex_positive.py(345, 4): ✅ pass
test_regex_positive.py(345, 4): ✅ pass
✅ pass
test_regex_positive.py(348, 4): ✅ pass
test_regex_positive.py(348, 4): ✅ pass
✅ pass
test_regex_positive.py(351, 4): ✅ pass
test_regex_positive.py(351, 4): ✅ pass
✅ pass
test_regex_positive.py(354, 4): ✅ pass
test_regex_positive.py(354, 4): ✅ pass
✅ pass
test_regex_positive.py(357, 4): ✅ pass
test_regex_positive.py(357, 4): ✅ pass
✅ pass
test_regex_positive.py(360, 4): ✅ pass
test_regex_positive.py(360, 4): ✅ pass
✅ pass
test_regex_positive.py(363, 4): ✅ pass
test_regex_positive.py(363, 4): ✅ pass
✅ pass
test_regex_positive.py(366, 4): ✅ pass
test_regex_positive.py(366, 4): ✅ pass
✅ pass
test_regex_positive.py(370, 4): ✅ pass
test_regex_positive.py(370, 4): ✅ pass
✅ pass
test_regex_positive.py(373, 4): ✅ pass
test_regex_positive.py(373, 4): ✅ pass
✅ pass
test_regex_positive.py(376, 4): ✅ pass
test_regex_positive.py(376, 4): ✅ pass
✅ pass
test_regex_positive.py(381, 4): ✅ pass
test_regex_positive.py(381, 4): ✅ pass
✅ pass
test_regex_positive.py(384, 4): ✅ pass
test_regex_positive.py(384, 4): ✅ pass
✅ pass
test_regex_positive.py(387, 4): ✅ pass
test_regex_positive.py(387, 4): ✅ pass
✅ pass
test_regex_positive.py(390, 4): ✅ pass
test_regex_positive.py(390, 4): ✅ pass
✅ pass
test_regex_positive.py(393, 4): ✅ pass
test_regex_positive.py(393, 4): ✅ pass
✅ pass
test_regex_positive.py(396, 4): ✅ pass
test_regex_positive.py(396, 4): ✅ pass
✅ pass
test_regex_positive.py(399, 4): ✅ pass
test_regex_positive.py(399, 4): ✅ pass
✅ pass
test_regex_positive.py(404, 4): ✅ pass
test_regex_positive.py(404, 4): ✅ pass
✅ pass
test_regex_positive.py(407, 4): ✅ pass
test_regex_positive.py(407, 4): ✅ pass
✅ pass
test_regex_positive.py(410, 4): ✅ pass
test_regex_positive.py(410, 4): ✅ pass
✅ pass
test_regex_positive.py(413, 4): ✅ pass
test_regex_positive.py(413, 4): ✅ pass
✅ pass
test_regex_positive.py(417, 4): ✅ pass
test_regex_positive.py(417, 4): ✅ pass
✅ pass
test_regex_positive.py(420, 4): ✅ pass
test_regex_positive.py(420, 4): ✅ pass
✅ pass
test_regex_positive.py(423, 4): ✅ pass
test_regex_positive.py(423, 4): ✅ pass
✅ pass
test_regex_positive.py(426, 4): ✅ pass
test_regex_positive.py(426, 4): ✅ pass
✅ pass
test_regex_positive.py(431, 4): ✅ pass
test_regex_positive.py(431, 4): ✅ pass
✅ pass
test_regex_positive.py(434, 4): ✅ pass
test_regex_positive.py(434, 4): ✅ pass
✅ pass
test_regex_positive.py(437, 4): ✅ pass
test_regex_positive.py(437, 4): ✅ pass
✅ pass
test_regex_positive.py(440, 4): ✅ pass
test_regex_positive.py(440, 4): ✅ pass
✅ pass
test_regex_positive.py(443, 4): ✅ pass
test_regex_positive.py(443, 4): ✅ pass
✅ pass
test_regex_positive.py(446, 4): ✅ pass
test_regex_positive.py(446, 4): ✅ pass
✅ pass
✅ pass
test_regex_positive.py(453, 4): ✅ pass
test_regex_positive.py(453, 4): ✅ pass
✅ pass
test_regex_positive.py(456, 4): ✅ pass
test_regex_positive.py(456, 4): ✅ pass
✅ pass
test_regex_positive.py(459, 4): ✅ pass
test_regex_positive.py(459, 4): ✅ pass
✅ pass
test_regex_positive.py(462, 4): ✅ pass
test_regex_positive.py(462, 4): ✅ pass
✅ pass
test_regex_positive.py(465, 4): ✅ pass
test_regex_positive.py(465, 4): ✅ pass
✅ pass
test_regex_positive.py(473, 4): ✅ pass
test_regex_positive.py(473, 4): ✅ pass
✅ pass
test_regex_positive.py(476, 4): ✅ pass
test_regex_positive.py(476, 4): ✅ pass
✅ pass
test_regex_positive.py(479, 4): ✅ pass
test_regex_positive.py(479, 4): ✅ pass
✅ pass
test_regex_positive.py(482, 4): ✅ pass
test_regex_positive.py(482, 4): ✅ pass
✅ pass
test_regex_positive.py(485, 4): ✅ pass
test_regex_positive.py(485, 4): ✅ pass
test_regex_positive.py(487, 0): ✅ pass
DETAIL: 423 passed, 0 failed, 0 inconclusive
RESULT: Analysis success
