
==== Verification Results ====
PFloorDiv_body_calls_Int.SafeDiv_0: ✅ pass
PFloorDiv_body_calls_Int.SafeDiv_1: ✅ pass
PFloorDiv_body_calls_Int.SafeDiv_2: ✅ pass
PFloorDiv_body_calls_Int.SafeDiv_3: ✅ pass
PAnd_body_calls_Any_to_bool_0: ✅ pass
POr_body_calls_Any_to_bool_0: ✅ pass
ret_type: ✅ pass (at byte 25049)
ret_type: ✅ pass (at byte 25464)
ret_pos: ✅ pass (at byte 25950)
assert_name_is_foo: ✅ pass (at byte 26954)
assert_opt_name_none_or_str: ✅ pass (at byte 27017)
assert_opt_name_none_or_bar: ✅ pass (at byte 27121)
ensures_maybe_except_none: ✅ pass (at byte 26877)
