test_chained_compare_triple.py(4, 11): ✅ pass - assert_assert(76)_calls_PAnd_0
test_chained_compare_triple.py(4, 11): ✅ pass - assert_assert(76)_calls_PAnd_1
test_chained_compare_triple.py(4, 11): ✅ pass - Check PAnd exception
test_chained_compare_triple.py(4, 4): ✅ pass - assert_assert(69)_calls_PAnd_0
test_chained_compare_triple.py(4, 4): ✅ pass - assert_assert(69)_calls_PAnd_1
test_chained_compare_triple.py(4, 4): ✅ pass - assert_assert(69)_calls_Any_to_bool_2
test_chained_compare_triple.py(4, 4): ✅ pass - triple chain
DETAIL: 7 passed, 0 failed, 0 inconclusive
RESULT: Analysis success
