
==== Verification Results ====
postcondition: ✅ pass (at byte 5706)
postcondition: ✅ pass (at byte 5913)
postcondition: ✅ pass (at byte 6705)
assert(7473): ✅ pass (at byte 7473)
assert(7536): ✅ pass (at byte 7536)
assert(7680): ✅ pass (at byte 7680)
postcondition: ✅ pass (at byte 7392)
assert(89): ✅ pass (at line 5, col 4)
assert(190): ✅ pass (at line 9, col 4)
assert(328): ✅ pass (at line 14, col 4)
assert(385): ✅ pass (at line 15, col 4)
assert(439): ✅ pass (at line 16, col 4)
assert(506): ✅ pass (at line 17, col 4)
