test_missing_models.py(12, 4): ❓ unknown (pass on 2 paths, unknown on 2 paths) - (Origin_test_helper_procedure_Requires)req_name_is_foo, (Origin_test_helper_procedure_Requires)req_opt_name_none_or_str, (Origin_test_helper_procedure_Requires)req_opt_name_none_or_bar
unknown location: ✅ pass - set_nullcall_ret_calls_test_helper_procedure$result..out0_0
test_missing_models.py(15, 4): ❓ unknown (pass on 2 paths, unknown on 2 paths) - (Origin_test_helper_procedure_Requires)req_name_is_foo, (Origin_test_helper_procedure_Requires)req_opt_name_none_or_str, (Origin_test_helper_procedure_Requires)req_opt_name_none_or_bar
unknown location: ✅ pass - set_nullcall_ret_calls_test_helper_procedure$result..out0_0
unknown location: ✅ pass - set_nullcall_ret_calls_test_helper_procedure$result..out0_0
unknown location: ✅ pass - set_nullcall_ret_calls_test_helper_procedure$result..out0_0
test_missing_models.py(8, 4): ❓ unknown - init_calls_Any_get_0
test_missing_models.py(8, 4): ❓ unknown - init_calls_Any_get_1
unknown location: ✅ pass - set_nullcall_ret_calls_test_helper_procedure$result..out0_0
unknown location: ✅ pass - set_nullcall_ret_calls_test_helper_procedure$result..out0_0
test_missing_models.py(9, 4): ❓ unknown - (Origin_test_helper_procedure_Requires)req_name_is_foo, (Origin_test_helper_procedure_Requires)req_opt_name_none_or_str, (Origin_test_helper_procedure_Requires)req_opt_name_none_or_bar
unknown location: ✅ pass - set_nullcall_ret_calls_test_helper_procedure$result..out0_0
unknown location: ✅ pass - set_nullcall_ret_calls_test_helper_procedure$result..out0_0
unknown location: ✅ pass - set_nullcall_ret_calls_test_helper_procedure$result..out0_0
DETAIL: 9 passed, 0 failed, 5 inconclusive
RESULT: Inconclusive
