test_class_no_init_with_method.py(8, 4): ✅ pass - precondition
test_class_no_init_with_method.py(9, 4): ✅ pass - assert_assert(123)_calls_Any_to_bool_0
test_class_no_init_with_method.py(9, 4): ✅ pass - class with method but no __init__
test_class_no_init_with_method.py(7, 0): ✅ pass - postcondition
unknown location: ✅ pass - set_$heap_calls_test$result..out0_0
DETAIL: 5 passed, 0 failed, 0 inconclusive
RESULT: Analysis success
