
==== Verification Results ====
postcondition: ✅ pass (at byte 5706)
postcondition: ✅ pass (at byte 5913)
postcondition: ✅ pass (at byte 6705)
assert(7473): ✅ pass (at byte 7473)
assert(7536): ✅ pass (at byte 7536)
assert(7680): ✅ pass (at byte 7680)
postcondition: ✅ pass (at byte 7392)
Assertion failed at byte 7050: (Origin_test_helper_procedure_Requires)requires_0: ❌ fail
(Origin_test_helper_procedure_Requires)requires_1: ✅ pass (at byte 7111)
(Origin_test_helper_procedure_Requires)requires_2: ✅ pass (at byte 7253)
