test_class_empty.py(5, 4): ✅ pass - precondition
test_class_empty.py(6, 4): ✅ pass - assert_assert(55)_calls_Any_to_bool_0
test_class_empty.py(6, 4): ✅ pass - empty class instantiated
test_class_empty.py(4, 0): ✅ pass - postcondition
unknown location: ✅ pass - set_$heap_calls_test$result..out0_0
DETAIL: 5 passed, 0 failed, 0 inconclusive
RESULT: Analysis success
