test_mixed_types_list.py(3, 4): ✅ pass - int element
test_mixed_types_list.py(3, 4): ✅ pass - int element
test_mixed_types_list.py(3, 4): ✅ pass - int element
test_mixed_types_list.py(4, 4): ✅ pass - str element
test_mixed_types_list.py(4, 4): ✅ pass - str element
test_mixed_types_list.py(4, 4): ✅ pass - str element
unknown location: ✅ pass - assert(0)
DETAIL: 7 passed, 0 failed, 0 inconclusive
RESULT: Analysis success
