
==== Verification Results ====
postcondition: ✅ pass (in prelude file)
List_take_len_post_postcondition_calls_List_take_0: ✅ pass (in prelude file)
postcondition: ✅ pass (in prelude file)
List_drop_len_post_postcondition_calls_List_drop_0: ✅ pass (in prelude file)
postcondition: ✅ pass (in prelude file)
postcondition: ✅ pass (in prelude file)
ret_type: ✅ pass (in prelude file)
ret_type: ✅ pass (in prelude file)
ret_pos: ✅ pass (in prelude file)
assert_name_is_foo: ✅ pass (in prelude file)
assert_opt_name_none_or_str: ✅ pass (in prelude file)
assert_opt_name_none_or_bar: ✅ pass (in prelude file)
ensures_maybe_except_none: ✅ pass (in prelude file)
callElimAssert_requires_11: ✅ pass
assert_assert(459)_calls_Any_to_bool_0: ✅ pass (at line 23, col 4)
Assertion failed at line 23, col 4: assert(459): ❌ fail
assert_assert(544)_calls_Any_to_bool_0: ✅ pass (at line 26, col 4)
assert(544): ❓ unknown (at line 26, col 4)
callElimAssert_requires_0_4: ✅ pass (at line 28, col 4)
callElimAssert_requires_1_5: ✅ pass (at line 28, col 4)
callElimAssert_requires_2_6: ✅ pass (at line 28, col 4)
ite_cond_calls_Any_to_bool_0: ✅ pass (at line 30, col 0)

DETAIL: 20 passed, 1 failed, 1 inconclusive
RESULT: Failures found
