test_chained_compare_mixed.py(2, 4): ✅ pass - assert(38)
test_chained_compare_mixed.py(3, 4): ✅ pass - assert(53)
test_chained_compare_mixed.py(4, 4): ✅ pass - assert(68)
test_chained_compare_mixed.py(5, 11): ✅ pass - assert_assert(90)_calls_PAnd_0
test_chained_compare_mixed.py(5, 11): ✅ pass - Check PAnd exception
test_chained_compare_mixed.py(5, 4): ✅ pass - assert_assert(83)_calls_PAnd_0
test_chained_compare_mixed.py(5, 4): ✅ pass - assert_assert(83)_calls_Any_to_bool_1
test_chained_compare_mixed.py(5, 4): ✅ pass - mixed operators
DETAIL: 8 passed, 0 failed, 0 inconclusive
RESULT: Analysis success
