DETAIL: Laurel to Core translation failed: [test_return_types.py(287-299) calls to procedures are not supported in functions or contracts, test_return_types.py(368-382) calls to procedures are not supported in functions or contracts, test_return_types.py(459-469) calls to procedures are not supported in functions or contracts, test_return_types.py(542-553) calls to procedures are not supported in functions or contracts]
RESULT: Internal error
