
==== Verification Results ====
ret_type: ✅ pass (at byte 20866)
ret_type: ✅ pass (at byte 21299)
ret_pos: ✅ pass (at byte 21797)
assert_name_is_foo: ✅ pass (at byte 22497)
assert_opt_name_none_or_bar: ✅ pass (at byte 22560)
ensures_maybe_except_none: ✅ pass (at byte 22420)
(Origin_test_helper_procedure_Requires)req_name_is_foo: 🟡 unknown (at byte 22255)
(Origin_test_helper_procedure_Requires)req_opt_name_none_or_bar: ✅ pass (at byte 22317)
(Origin_test_helper_procedure_Requires)req_name_is_foo: 🟡 unknown (at byte 22255)
(Origin_test_helper_procedure_Requires)req_opt_name_none_or_bar: ✅ pass (at byte 22317)
(Origin_test_helper_procedure_Requires)req_name_is_foo: 🟡 unknown (at byte 22255)
(Origin_test_helper_procedure_Requires)req_opt_name_none_or_bar: ✅ pass (at byte 22317)
