test_while_loop.py(4, 4): ✅ pass - [derived] loop_guard_calls_Any_to_bool_0
test_while_loop.py(4, 4): ✅ pass - [derived] loop_guard_end_calls_Any_to_bool_0
test_while_loop.py(7, 4): ✅ pass - [derived] assert_assert(134)_calls_Any_to_bool_0
test_while_loop.py(7, 4): ❓ unknown - assert(134)
unknown location: ❓ unknown - postcondition
test_while_loop.py(12, 4): ✅ pass - [derived] loop_guard_calls_Any_to_bool_0
test_while_loop.py(14, 8): ✅ pass - [derived] ite_cond_calls_Any_to_bool_0
test_while_loop.py(16, 4): ✅ pass - [derived] assert_assert(344)_calls_Any_to_bool_0
test_while_loop.py(16, 4): ✅ pass - assert(344)
unknown location: ❓ unknown - postcondition
test_while_loop.py(12, 4): ✅ pass - [derived] loop_guard_end_calls_Any_to_bool_0
test_while_loop.py(16, 4): ✅ pass - [derived] assert_assert(344)_calls_Any_to_bool_0
test_while_loop.py(16, 4): ✅ pass - assert(344)
unknown location: ✅ pass - postcondition
test_while_loop.py(22, 4): ✅ pass - [derived] loop_guard_calls_Any_to_bool_0
test_while_loop.py(24, 8): ✅ pass - [derived] ite_cond_calls_Any_to_bool_0
test_while_loop.py(22, 4): ✅ pass - [derived] loop_guard_end_calls_Any_to_bool_0
test_while_loop.py(27, 4): ✅ pass - [derived] assert_assert(589)_calls_Any_to_bool_0
test_while_loop.py(27, 4): ❓ unknown - assert(589)
unknown location: ❓ unknown - postcondition
test_while_loop.py(22, 4): ✅ pass - [derived] loop_guard_end_calls_Any_to_bool_0
test_while_loop.py(27, 4): ✅ pass - [derived] assert_assert(589)_calls_Any_to_bool_0
test_while_loop.py(27, 4): ❓ unknown - assert(589)
unknown location: ❓ unknown - postcondition
DETAIL: 17 passed, 0 failed, 7 inconclusive
RESULT: Inconclusive
