
==== Verification Results ====
datetime_now_ensures_0: ✔️ pass if reachable (at byte 7134)
datetime_utcnow_ensures_0: ✔️ pass if reachable (at byte 7372)
ensures_str_strp_reverse: ✔️ pass if reachable (at byte 8766)
assert_name_is_foo: ✔️ pass if reachable (at byte 11081)
assert_opt_name_none_or_str: ✔️ pass if reachable (at byte 11131)
assert_opt_name_none_or_bar: ✔️ pass if reachable (at byte 11278)
ensures_maybe_except_none: ✔️ pass if reachable (at byte 10984)
assert(89): ✔️ pass if reachable (at line 5, col 4)
assert(190): ✔️ pass if reachable (at line 9, col 4)
assert(328): ✔️ pass if reachable (at line 14, col 4)
assert(385): ✔️ pass if reachable (at line 15, col 4)
assert(439): ✔️ pass if reachable (at line 16, col 4)
assert(506): ✔️ pass if reachable (at line 17, col 4)
