test_for_loop.py(6, 4): ✅ pass
test_for_loop.py(6, 4): ❓ unknown
test_for_loop.py(13, 8): ❌ fail
test_for_loop.py(15, 4): ✅ pass
test_for_loop.py(15, 4): ❓ unknown
test_for_loop.py(22, 8): ✅ pass
test_for_loop.py(25, 4): ✅ pass
test_for_loop.py(25, 4): ✅ pass
test_for_loop.py(25, 4): ✅ pass
test_for_loop.py(25, 4): ❌ fail
DETAIL: 6 passed, 2 failed, 2 inconclusive
RESULT: Failures found
