test_chained_compare.py(3, 4): ❓ unknown - test_chained_compare_assert(71)_5
test_chained_compare.py(4, 11): ❓ unknown - assert_test_chained_compare_assert(93)_6_calls_PAnd_0
test_chained_compare.py(4, 11): ❓ unknown - Check PAnd exception
test_chained_compare.py(4, 4): ❓ unknown - assert_test_chained_compare_assert(86)_7_calls_PAnd_0
test_chained_compare.py(4, 4): ❓ unknown - assert_test_chained_compare_assert(86)_7_calls_Any_to_bool_1
test_chained_compare.py(4, 4): ❓ unknown - chained compare
test_chained_compare.py(5, 11): ❓ unknown - assert_test_chained_compare_assert(134)_8_calls_PAnd_0
test_chained_compare.py(5, 11): ❓ unknown - Check PAnd exception
test_chained_compare.py(5, 4): ❓ unknown - assert_test_chained_compare_assert(127)_9_calls_PAnd_0
test_chained_compare.py(5, 4): ❓ unknown - assert_test_chained_compare_assert(127)_9_calls_Any_to_bool_1
test_chained_compare.py(5, 4): ❌ fail - reversed bounds should fail
test_chained_compare.py(6, 11): ❓ unknown - Check PGt exception
test_chained_compare.py(6, 4): ❓ unknown - assert_test_chained_compare_assert(180)_11_calls_Any_to_bool_0
test_chained_compare.py(6, 4): ❌ fail - should fail: x is 5
DETAIL: 0 passed, 2 failed, 12 inconclusive
RESULT: Failures found
