test_pin_any.py(6, 0): ✔️ always true if reached - ite_cond_calls_Any_to_bool_0
test_pin_any.py(3, 4): ✔️ always true if reached - ite_cond_calls_Any_to_bool_0
test_pin_any.py(7, 4): ✔️ always true if reached - key could be in results
test_pin_any.py(7, 4): ✔️ always true if reached - key could be in results
test_pin_any.py(7, 4): ✔️ always true if reached - key could be in results
DETAIL: 5 passed, 0 failed, 0 inconclusive
RESULT: Analysis success
