test_expected_fail.py(11, 4): ✅ pass - [derived] assert_assert(340)_calls_Any_to_bool_0
test_expected_fail.py(11, 4): ❓ unknown - assert(340)
test_expected_fail.py(14, 4): ✅ pass - [derived] assert_assert(417)_calls_Any_to_bool_0
test_expected_fail.py(14, 4): ❓ unknown - assert(417)
test_expected_fail.py(17, 4): ✅ pass - [derived] assert_assert(491)_calls_Any_to_bool_0
test_expected_fail.py(17, 4): ❓ unknown - assert(491)
test_expected_fail.py(19, 0): ✅ pass - [derived] ite_cond_calls_Any_to_bool_0
DETAIL: 4 passed, 0 failed, 3 inconclusive
RESULT: Inconclusive
