
==== Verification Results ====
PFloorDiv_body_calls_Int.SafeDiv_0: ✅ pass
PFloorDiv_body_calls_Int.SafeDiv_1: ✅ pass
PFloorDiv_body_calls_Int.SafeDiv_2: ✅ pass
PFloorDiv_body_calls_Int.SafeDiv_3: ✅ pass
PAnd_body_calls_Any_to_bool_0: ✅ pass
POr_body_calls_Any_to_bool_0: ✅ pass
postcondition: ✅ pass (at byte 26210)
postcondition: ✅ pass (at byte 26625)
postcondition: ✅ pass (at byte 27125)
assert(28134): ✅ pass (at byte 28134)
assert(28211): ✅ pass (at byte 28211)
assert(28320): ✅ pass (at byte 28320)
postcondition: ✅ pass (at byte 28071)
