test_class_mixed_init.py(11, 4): ✅ pass - callElimAssert_requires_8
test_class_mixed_init.py(12, 4): ✅ pass - callElimAssert_requires_2
test_class_mixed_init.py(13, 4): ✅ pass - class with init
test_class_mixed_init.py(13, 4): ❓ unknown - class with init
test_class_mixed_init.py(10, 0): ❓ unknown - postcondition
DETAIL: 3 passed, 0 failed, 2 inconclusive
RESULT: Inconclusive
