
==== Verification Results ====
postcondition: ✅ pass (at byte 5702)
postcondition: ✅ pass (at byte 5909)
postcondition: ✅ pass (at byte 6701)
assert(7469): ✅ pass (at byte 7469)
assert(7532): ✅ pass (at byte 7532)
assert(7676): ✅ pass (at byte 7676)
postcondition: ✅ pass (at byte 7388)
Assertion failed at byte 7046: (Origin_test_helper_procedure_Requires)requires_0: ❌ fail
(Origin_test_helper_procedure_Requires)requires_1: ✅ pass (at byte 7107)
(Origin_test_helper_procedure_Requires)requires_2: ✅ pass (at byte 7249)
