test_class_field_use.py(21, 0): ✔️ always true if reached - ite_cond_calls_Any_to_bool_0
test_class_field_use.py(14, 4): ✔️ always true if reached - Check PMul exception
test_class_field_use.py(22, 4): ✔️ always true if reached - Doubling of buffer did not work
test_class_field_use.py(22, 4): ✔️ always true if reached - Doubling of buffer did not work
DETAIL: 4 passed, 0 failed, 0 inconclusive
RESULT: Analysis success
