unknown location: ✅ pass - Heap reference counter monotone
test_class_field_any.py(2, 4): ❓ unknown - postcondition_1
test_class_field_any.py(6, 0): ❓ unknown - assert(113)
unknown location: ✅ pass - Heap reference counter monotone
unknown location: ✅ pass - postcondition_1
DETAIL: 3 passed, 0 failed, 2 inconclusive
RESULT: Inconclusive
