
==== Verification Results ====
ret_type: ✅ pass (at byte 20590)
ret_type: ✅ pass (at byte 21023)
ret_pos: ✅ pass (at byte 21521)
assert_name_is_foo: ✅ pass (at byte 22323)
assert_opt_name_none_or_str: ✅ pass (at byte 22386)
assert_opt_name_none_or_bar: ✅ pass (at byte 22490)
ensures_maybe_except_none: ✅ pass (at byte 22246)
assert(102): ✅ pass (at line 7, col 4)
assert(226): ✅ pass (at line 12, col 4)
assert(345): ✅ pass (at line 16, col 4)
assert(458): ✅ pass (at line 20, col 4)
assert(567): ✅ pass (at line 24, col 4)
