test_with_statement.py(15, 4): ✅ pass - callElimAssert_requires_12
unknown location: ✅ pass - callElimAssert_requires_6
test_with_statement.py(17, 4): ✅ pass - callElimAssert_requires_2
test_with_statement.py(19, 4): ✅ pass - assert_assert(368)_calls_Any_to_bool_0
test_with_statement.py(19, 4): ❓ unknown - assert(368)
test_with_statement.py(14, 0): ❓ unknown - postcondition
test_with_statement.py(22, 4): ✅ pass - callElimAssert_requires_29
test_with_statement.py(23, 4): ✅ pass - callElimAssert_requires_23
test_with_statement.py(24, 8): ✅ pass - callElimAssert_requires_19
test_with_statement.py(25, 8): ✅ pass - assert_assert(500)_calls_Any_to_bool_0
test_with_statement.py(25, 8): ❓ unknown - assert(500)
test_with_statement.py(23, 4): ✅ pass - callElimAssert_requires_15
test_with_statement.py(21, 0): ❓ unknown - postcondition
test_with_statement.py(28, 4): ✅ pass - callElimAssert_requires_55
test_with_statement.py(29, 4): ✅ pass - callElimAssert_requires_49
unknown location: ✅ pass - callElimAssert_requires_43
unknown location: ✅ pass - callElimAssert_requires_39
test_with_statement.py(31, 21): ❓ unknown - Check PAdd exception
test_with_statement.py(32, 8): ✅ pass - assert_assert(666)_calls_Any_to_bool_0
test_with_statement.py(32, 8): ❓ unknown - assert(666)
test_with_statement.py(30, 4): ✅ pass - callElimAssert_requires_35
test_with_statement.py(30, 4): ✅ pass - callElimAssert_requires_32
test_with_statement.py(27, 0): ❓ unknown - postcondition
DETAIL: 16 passed, 0 failed, 7 inconclusive
RESULT: Inconclusive
