DETAIL: Laurel to Core translation failed: [test_default_params.py(306-320) calls to procedures are not supported in functions or contracts, test_default_params.py(398-416) calls to procedures are not supported in functions or contracts, test_default_params.py(488-496) calls to procedures are not supported in functions or contracts, test_default_params.py(555-566) calls to procedures are not supported in functions or contracts]
RESULT: Internal error
