
==== Verification Results ====
postcondition: ✅ pass (in prelude file)
List_take_len_post_postcondition_calls_List_take_0: ✅ pass (in prelude file)
postcondition: ✅ pass (in prelude file)
List_drop_len_post_postcondition_calls_List_drop_0: ✅ pass (in prelude file)
postcondition: ✅ pass (in prelude file)
postcondition: ✅ pass (in prelude file)
ret_type: ✅ pass (in prelude file)
ret_type: ✅ pass (in prelude file)
ret_pos: ✅ pass (in prelude file)
assert_name_is_foo: ✅ pass (in prelude file)
assert_opt_name_none_or_str: ✅ pass (in prelude file)
assert_opt_name_none_or_bar: ✅ pass (in prelude file)
ensures_maybe_except_none: ✅ pass (in prelude file)
assert_assert(102)_calls_Any_to_bool_0: ✅ pass (at line 7, col 4)
assert(102): ✅ pass (at line 7, col 4)
assert_assert(226)_calls_Any_to_bool_0: ✅ pass (at line 12, col 4)
assert(226): ✅ pass (at line 12, col 4)
assert_assert(345)_calls_Any_to_bool_0: ✅ pass (at line 16, col 4)
assert(345): ✅ pass (at line 16, col 4)
assert_assert(458)_calls_Any_to_bool_0: ✅ pass (at line 20, col 4)
assert(458): ✅ pass (at line 20, col 4)
set_quot_calls_PFloorDiv_0: ✅ pass
assert_assert(567)_calls_Any_to_bool_0: ✅ pass (at line 24, col 4)
assert(567): ✅ pass (at line 24, col 4)
ite_cond_calls_Any_to_bool_0: ✅ pass (at line 26, col 0)

DETAIL: 25 passed, 0 failed, 0 inconclusive
RESULT: Analysis success
