module "n01_async":
-- WARNING: unsupported AsyncFunctionDef 'fetch_data' at 6:0-8:17
-- WARNING: unsupported Await at 7:13-7:35


func fetch_data(url: str):
  bb0():
    %1:result.0 = unsupported "Await"
    ret %1

func sync_helper(x: int):
  bb0():
    %2:_tmp.1 = binOp add %0 1
    ret %2

func @module_init():
  bb0():
    ret
