module "n01_async":

-- WARNING: unsupported AsyncFunctionDef 'fetch_data' at 7:1-9:17 (stub generated)

func fetch_data(url.0: str) -> str:
  bb0(%0:url.0 : str):
    unreachable

func sync_helper(x.0: int) -> int:
  bb0(%0:x.0 : int):
    %1:_tmp.0 = intLit 1
    %2:_tmp.1 = binOp add %0 %1
    ret %2

func @module_init():
  bb0():
    ret
