module "n08_mixed":
-- WARNING: unsupported AsyncFunctionDef 'async_fetch' at 10:0-11:33
-- WARNING: unsupported Await at 11:11-11:33
-- WARNING: unsupported ListComp at 14:10-14:32


func sync_add(a: int, b: int):
  bb0():
    %2:_tmp.0 = binOp add %0 %1
    ret %2

func async_fetch(url: str):
  bb0():
    %1:_tmp.0 = unsupported "Await"
    ret %1

func @module_init():
  bb0():
    %3:items.0 = mkList [intLit 1, intLit 2, intLit 3]
    %4:doubled.0 = unsupported "ListComp"
    %8:result.0 = callQualified n08_mixed.sync_add [positional(intLit 1), positional(intLit 2)]
    ret
