
datetime_now_ensures_0: ✔️ pass if reachable (at byte 7131)

datetime_utcnow_ensures_0: ✔️ pass if reachable (at byte 7369)

ensures_str_strp_reverse: ✔️ pass if reachable (at byte 8763)

assert_name_is_foo: ✔️ pass if reachable (at byte 11077)

assert_opt_name_none_or_str: ✔️ pass if reachable (at byte 11127)

assert_opt_name_none_or_bar: ✔️ pass if reachable (at byte 11274)

ensures_maybe_except_none: ✔️ pass if reachable (at byte 10980)

Assertion failed at byte 11077: test_helper_procedure_assert_name_is_foo_23: ➖ can be false if reachable

test_helper_procedure_assert_opt_name_none_or_str_24: ✔️ pass if reachable (at byte 11127)

test_helper_procedure_assert_opt_name_none_or_bar_25: ✔️ pass if reachable (at byte 11274)

test_helper_procedure_assert_name_is_foo_13: ✔️ pass if reachable (at byte 11077)

test_helper_procedure_assert_opt_name_none_or_str_14: ✔️ pass if reachable (at byte 11127)

test_helper_procedure_assert_opt_name_none_or_bar_15: ✔️ pass if reachable (at byte 11274)

test_helper_procedure_assert_name_is_foo_3: ✔️ pass if reachable (at byte 11077)

test_helper_procedure_assert_opt_name_none_or_str_4: ✔️ pass if reachable (at byte 11127)

test_helper_procedure_assert_opt_name_none_or_bar_5: ✔️ pass if reachable (at byte 11274)

Assertion failed at byte 11077: test_helper_procedure_assert_name_is_foo_13: ➖ can be false if reachable

test_helper_procedure_assert_opt_name_none_or_str_14: ✔️ pass if reachable (at byte 11127)

test_helper_procedure_assert_opt_name_none_or_bar_15: ✔️ pass if reachable (at byte 11274)

Assertion failed at byte 11077: test_helper_procedure_assert_name_is_foo_3: ➖ can be false if reachable

test_helper_procedure_assert_opt_name_none_or_str_4: ✔️ pass if reachable (at byte 11127)

test_helper_procedure_assert_opt_name_none_or_bar_5: ✔️ pass if reachable (at byte 11274)
