module "t01_assign":

func @module_init():
  bb0():
    %0:x.0 = intLit 42
    %1:y.0 : int = intLit 10
    %2:name.0 : str = strLit "hello"
    %3:flag.0 : bool = boolLit true
    %4:nothing.0 = noneLit
    %5:pi.0 : float = floatLit "3.14"
    %6:data.0 : bytes = bytesLit "raw"
    %7:a.0 = intLit 100
    -- b.0 = %7
    ret
