module "t12_class":

func Point.__init__(self, x: int, y: int):
  bb0():
    setAttr %0 "x" %1
    setAttr %0 "y" %2
    ret

func Point.distance(self):
  bb0():
    %1:_tmp.0 = attr %0 "x"
    %2:_tmp.1 = attr %0 "y"
    %3:_tmp.2 = binOp add %1 %2
    ret %3

func @Point_init():
  bb0():
    %0:dimensions.0 : int = 2
    ret

func @module_init():
  bb0():
    %3:p.0 = callQualified t12_class.Point [positional(3), positional(4)]
    %5:d.0 = call attr(%3, "distance")()
    ret
