type Boogie.Boundedness.Infinite StrataHeap []
type Boogie.Boundedness.Infinite StrataRef []
type Boogie.Boundedness.Infinite StrataField [_]
type Boogie.Boundedness.Infinite ListStr []
type Boogie.Boundedness.Infinite None []
type Boogie.Boundedness.Infinite Object []
type Boogie.Boundedness.Infinite ExceptOrNone []
type Boogie.Boundedness.Infinite ExceptNone []
type Boogie.Boundedness.Infinite ExceptOrNoneTag []
type Boogie.Boundedness.Infinite StrOrNone []
type Boogie.Boundedness.Infinite StrOrNoneTag []
type Boogie.Boundedness.Infinite AnyOrNone []
type Boogie.Boundedness.Infinite AnyOrNoneTag []
type Boogie.Boundedness.Infinite BoolOrNone []
type Boogie.Boundedness.Infinite BoolOrNoneTag []
type Boogie.Boundedness.Infinite BoolOrStrOrNone []
type Boogie.Boundedness.Infinite BoolOrStrOrNoneTag []
type Boogie.Boundedness.Infinite IntOrNone []
type Boogie.Boundedness.Infinite IntOrNoneTag []
type Boogie.Boundedness.Infinite BytesOrStrOrNone []
type Boogie.Boundedness.Infinite BytesOrStrOrNoneTag []
type Boogie.Boundedness.Infinite MappingStrStrOrNone []
type Boogie.Boundedness.Infinite MappingStrStrOrNoneTag []
type Boogie.Boundedness.Infinite DictStrAny []
type Boogie.Boundedness.Infinite S3Client []
type Boogie.Boundedness.Infinite CloudWatchClient []
type Boogie.Boundedness.Infinite Client []
type Boogie.Boundedness.Infinite ClientTag []
type ExceptCode := string
func None_none :  () → None;
func Except_none :  () → ExceptNone;
func EN_STR_TAG :  () → ExceptOrNoneTag;
func EN_NONE_TAG :  () → ExceptOrNoneTag;
func SN_STR_TAG :  () → StrOrNoneTag;
func SN_NONE_TAG :  () → StrOrNoneTag;
func AN_ANY_TAG :  () → AnyOrNoneTag;
func AN_NONE_TAG :  () → AnyOrNoneTag;
func BN_BOOL_TAG :  () → BoolOrNoneTag;
func BN_NONE_TAG :  () → BoolOrNoneTag;
func BSN_BOOL_TAG :  () → BoolOrStrOrNoneTag;
func BSN_STR_TAG :  () → BoolOrStrOrNoneTag;
func BSN_NONE_TAG :  () → BoolOrStrOrNoneTag;
func C_S3_TAG :  () → ClientTag;
func C_CW_TAG :  () → ClientTag;
func ListStr_nil :  () → ListStr;
func ListStr_cons :  ((x0 : string) (x1 : ListStr)) → ListStr;
func Object_len :  ((x : Object)) → int;
func inheritsFrom :  ((child : string) (parent : string)) → bool;
func ExceptOrNone_tag :  ((v : ExceptOrNone)) → ExceptOrNoneTag;
func ExceptOrNone_code_val :  ((v : ExceptOrNone)) → ExceptCode;
func ExceptOrNone_none_val :  ((v : ExceptOrNone)) → ExceptNone;
func ExceptOrNone_mk_code :  ((s : ExceptCode)) → ExceptOrNone;
func ExceptOrNone_mk_none :  ((v : ExceptNone)) → ExceptOrNone;
func StrOrNone_tag :  ((v : StrOrNone)) → StrOrNoneTag;
func StrOrNone_str_val :  ((v : StrOrNone)) → string;
func StrOrNone_none_val :  ((v : StrOrNone)) → None;
func StrOrNone_mk_str :  ((s : string)) → StrOrNone;
func StrOrNone_mk_none :  ((v : None)) → StrOrNone;
func strOrNone_toObject :  ((x0 : StrOrNone)) → Object;
func AnyOrNone_tag :  ((v : AnyOrNone)) → AnyOrNoneTag;
func AnyOrNone_str_val :  ((v : AnyOrNone)) → string;
func AnyOrNone_none_val :  ((v : AnyOrNone)) → None;
func AnyOrNone_mk_str :  ((s : string)) → AnyOrNone;
func AnyOrNone_mk_none :  ((v : None)) → AnyOrNone;
func IntOrNone_mk_none :  ((v : None)) → IntOrNone;
func BytesOrStrOrNone_mk_none :  ((v : None)) → BytesOrStrOrNone;
func BytesOrStrOrNone_mk_str :  ((s : string)) → BytesOrStrOrNone;
func MappingStrStrOrNone_mk_none :  ((v : None)) → MappingStrStrOrNone;
func BoolOrNone_tag :  ((v : BoolOrNone)) → BoolOrNoneTag;
func BoolOrNone_str_val :  ((v : BoolOrNone)) → string;
func BoolOrNone_none_val :  ((v : BoolOrNone)) → None;
func BoolOrNone_mk_str :  ((s : string)) → BoolOrNone;
func BoolOrNone_mk_none :  ((v : None)) → BoolOrNone;
func BoolOrStrOrNone_tag :  ((v : BoolOrStrOrNone)) → BoolOrStrOrNoneTag;
func BoolOrStrOrNone_bool_val :  ((v : BoolOrStrOrNone)) → bool;
func BoolOrStrOrNone_str_val :  ((v : BoolOrStrOrNone)) → string;
func BoolOrStrOrNone_none_val :  ((v : BoolOrStrOrNone)) → None;
func BoolOrStrOrNone_mk_bool :  ((b : bool)) → BoolOrStrOrNone;
func BoolOrStrOrNone_mk_str :  ((s : string)) → BoolOrStrOrNone;
func BoolOrStrOrNone_mk_none :  ((v : None)) → BoolOrStrOrNone;
func Client_tag :  ((v : Client)) → ClientTag;
axiom unique_ExceptOrNoneTag: ((~Bool.Not : (arrow bool bool)) ((~EN_STR_TAG : ExceptOrNoneTag) == (~EN_NONE_TAG : ExceptOrNoneTag)));
axiom unique_StrOrNoneTag: ((~Bool.Not : (arrow bool bool)) ((~SN_STR_TAG : StrOrNoneTag) == (~SN_NONE_TAG : StrOrNoneTag)));
axiom unique_AnyOrNoneTag: ((~Bool.Not : (arrow bool bool)) ((~AN_ANY_TAG : AnyOrNoneTag) == (~AN_NONE_TAG : AnyOrNoneTag)));
axiom unique_BoolOrNoneTag: ((~Bool.Not : (arrow bool bool)) ((~BN_BOOL_TAG : BoolOrNoneTag) == (~BN_NONE_TAG : BoolOrNoneTag)));
axiom unique_BoolOrStrOrNoneTag: (((~Bool.And : (arrow bool (arrow bool bool))) (((~Bool.And : (arrow bool (arrow bool bool))) ((~Bool.Not : (arrow bool bool)) ((~BSN_BOOL_TAG : BoolOrStrOrNoneTag) == (~BSN_STR_TAG : BoolOrStrOrNoneTag)))) ((~Bool.Not : (arrow bool bool)) ((~BSN_BOOL_TAG : BoolOrStrOrNoneTag) == (~BSN_NONE_TAG : BoolOrStrOrNoneTag))))) ((~Bool.Not : (arrow bool bool)) ((~BSN_STR_TAG : BoolOrStrOrNoneTag) == (~BSN_NONE_TAG : BoolOrStrOrNoneTag))));
axiom unique_ClientTag: ((~Bool.Not : (arrow bool bool)) ((~C_S3_TAG : ClientTag) == (~C_CW_TAG : ClientTag)));
axiom ax_l61c1: (∀ (((~Int.Ge : (arrow int (arrow int bool))) ((~Object_len : (arrow Object int)) %0)) #0));
axiom ax_l93c1: (∀ (((~inheritsFrom : (arrow string (arrow string bool))) %0) %0));
axiom ax_l114c1: (∀ (((~Bool.And : (arrow bool (arrow bool bool))) (((~ExceptOrNone_tag : (arrow ExceptOrNone ExceptOrNoneTag)) ((~ExceptOrNone_mk_code : (arrow ExceptCode ExceptOrNone)) %0)) == (~EN_STR_TAG : ExceptOrNoneTag))) (((~ExceptOrNone_code_val : (arrow ExceptOrNone ExceptCode)) ((~ExceptOrNone_mk_code : (arrow ExceptCode ExceptOrNone)) %0)) == %0)));
axiom ax_l117c1: (∀ (((~Bool.And : (arrow bool (arrow bool bool))) (((~ExceptOrNone_tag : (arrow ExceptOrNone ExceptOrNoneTag)) ((~ExceptOrNone_mk_none : (arrow ExceptNone ExceptOrNone)) %0)) == (~EN_NONE_TAG : ExceptOrNoneTag))) (((~ExceptOrNone_none_val : (arrow ExceptOrNone ExceptNone)) ((~ExceptOrNone_mk_none : (arrow ExceptNone ExceptOrNone)) %0)) == %0)));
axiom ax_l120c1: (∀ (((~Bool.Or : (arrow bool (arrow bool bool))) (((~ExceptOrNone_tag : (arrow ExceptOrNone ExceptOrNoneTag)) %0) == (~EN_STR_TAG : ExceptOrNoneTag))) (((~ExceptOrNone_tag : (arrow ExceptOrNone ExceptOrNoneTag)) %0) == (~EN_NONE_TAG : ExceptOrNoneTag))));
axiom ax_l141c1: (∀ (((~Bool.And : (arrow bool (arrow bool bool))) (((~StrOrNone_tag : (arrow StrOrNone StrOrNoneTag)) ((~StrOrNone_mk_str : (arrow string StrOrNone)) %0)) == (~SN_STR_TAG : StrOrNoneTag))) (((~StrOrNone_str_val : (arrow StrOrNone string)) ((~StrOrNone_mk_str : (arrow string StrOrNone)) %0)) == %0)));
axiom ax_l144c1: (∀ (((~Bool.And : (arrow bool (arrow bool bool))) (((~StrOrNone_tag : (arrow StrOrNone StrOrNoneTag)) ((~StrOrNone_mk_none : (arrow None StrOrNone)) %0)) == (~SN_NONE_TAG : StrOrNoneTag))) (((~StrOrNone_none_val : (arrow StrOrNone None)) ((~StrOrNone_mk_none : (arrow None StrOrNone)) %0)) == %0)));
axiom ax_l147c1: (∀ (((~Bool.Or : (arrow bool (arrow bool bool))) (((~StrOrNone_tag : (arrow StrOrNone StrOrNoneTag)) %0) == (~SN_STR_TAG : StrOrNoneTag))) (((~StrOrNone_tag : (arrow StrOrNone StrOrNoneTag)) %0) == (~SN_NONE_TAG : StrOrNoneTag))));
axiom ax_l153c1: (∀ (∀ (((~Bool.Implies : (arrow bool (arrow bool bool))) ((~Bool.Not : (arrow bool bool)) (%1 == %0))) ((~Bool.Not : (arrow bool bool)) (((~strOrNone_toObject : (arrow StrOrNone Object)) %1) == ((~strOrNone_toObject : (arrow StrOrNone Object)) %0))))));
axiom ax_l155c1: (∀ (((~Bool.Implies : (arrow bool (arrow bool bool))) (((~StrOrNone_tag : (arrow StrOrNone StrOrNoneTag)) %0) == (~SN_STR_TAG : StrOrNoneTag))) (((~Object_len : (arrow Object int)) ((~strOrNone_toObject : (arrow StrOrNone Object)) %0)) == ((~Str.Length : (arrow string int)) ((~StrOrNone_str_val : (arrow StrOrNone string)) %0)))));
axiom ax_l170c1: (∀ (((~Bool.And : (arrow bool (arrow bool bool))) (((~AnyOrNone_tag : (arrow AnyOrNone AnyOrNoneTag)) ((~AnyOrNone_mk_str : (arrow string AnyOrNone)) %0)) == (~AN_ANY_TAG : AnyOrNoneTag))) (((~AnyOrNone_str_val : (arrow AnyOrNone string)) ((~AnyOrNone_mk_str : (arrow string AnyOrNone)) %0)) == %0)));
axiom ax_l173c1: (∀ (((~Bool.And : (arrow bool (arrow bool bool))) (((~AnyOrNone_tag : (arrow AnyOrNone AnyOrNoneTag)) ((~AnyOrNone_mk_none : (arrow None AnyOrNone)) %0)) == (~AN_NONE_TAG : AnyOrNoneTag))) (((~AnyOrNone_none_val : (arrow AnyOrNone None)) ((~AnyOrNone_mk_none : (arrow None AnyOrNone)) %0)) == %0)));
axiom ax_l176c1: (∀ (((~Bool.Or : (arrow bool (arrow bool bool))) (((~AnyOrNone_tag : (arrow AnyOrNone AnyOrNoneTag)) %0) == (~AN_ANY_TAG : AnyOrNoneTag))) (((~AnyOrNone_tag : (arrow AnyOrNone AnyOrNoneTag)) %0) == (~AN_NONE_TAG : AnyOrNoneTag))));
axiom ax_l191c1: (∀ (((~Bool.And : (arrow bool (arrow bool bool))) (((~BoolOrNone_tag : (arrow BoolOrNone BoolOrNoneTag)) ((~BoolOrNone_mk_str : (arrow string BoolOrNone)) %0)) == (~BN_BOOL_TAG : BoolOrNoneTag))) (((~BoolOrNone_str_val : (arrow BoolOrNone string)) ((~BoolOrNone_mk_str : (arrow string BoolOrNone)) %0)) == %0)));
axiom ax_l194c1: (∀ (((~Bool.And : (arrow bool (arrow bool bool))) (((~BoolOrNone_tag : (arrow BoolOrNone BoolOrNoneTag)) ((~BoolOrNone_mk_none : (arrow None BoolOrNone)) %0)) == (~BN_NONE_TAG : BoolOrNoneTag))) (((~BoolOrNone_none_val : (arrow BoolOrNone None)) ((~BoolOrNone_mk_none : (arrow None BoolOrNone)) %0)) == %0)));
axiom ax_l197c1: (∀ (((~Bool.Or : (arrow bool (arrow bool bool))) (((~BoolOrNone_tag : (arrow BoolOrNone BoolOrNoneTag)) %0) == (~BN_BOOL_TAG : BoolOrNoneTag))) (((~BoolOrNone_tag : (arrow BoolOrNone BoolOrNoneTag)) %0) == (~BN_NONE_TAG : BoolOrNoneTag))));
axiom ax_l215c1: (∀ (((~Bool.And : (arrow bool (arrow bool bool))) (((~BoolOrStrOrNone_tag : (arrow BoolOrStrOrNone BoolOrStrOrNoneTag)) ((~BoolOrStrOrNone_mk_bool : (arrow bool BoolOrStrOrNone)) %0)) == (~BSN_BOOL_TAG : BoolOrStrOrNoneTag))) (((~Bool.Equiv : (arrow bool (arrow bool bool))) ((~BoolOrStrOrNone_bool_val : (arrow BoolOrStrOrNone bool)) ((~BoolOrStrOrNone_mk_bool : (arrow bool BoolOrStrOrNone)) %0))) %0)));
axiom ax_l218c1: (∀ (((~Bool.And : (arrow bool (arrow bool bool))) (((~BoolOrStrOrNone_tag : (arrow BoolOrStrOrNone BoolOrStrOrNoneTag)) ((~BoolOrStrOrNone_mk_str : (arrow string BoolOrStrOrNone)) %0)) == (~BSN_STR_TAG : BoolOrStrOrNoneTag))) (((~BoolOrStrOrNone_str_val : (arrow BoolOrStrOrNone string)) ((~BoolOrStrOrNone_mk_str : (arrow string BoolOrStrOrNone)) %0)) == %0)));
axiom ax_l221c1: (∀ (((~Bool.And : (arrow bool (arrow bool bool))) (((~BoolOrStrOrNone_tag : (arrow BoolOrStrOrNone BoolOrStrOrNoneTag)) ((~BoolOrStrOrNone_mk_none : (arrow None BoolOrStrOrNone)) %0)) == (~BSN_NONE_TAG : BoolOrStrOrNoneTag))) (((~BoolOrStrOrNone_none_val : (arrow BoolOrStrOrNone None)) ((~BoolOrStrOrNone_mk_none : (arrow None BoolOrStrOrNone)) %0)) == %0)));
axiom ax_l224c1: (∀ (((~Bool.Or : (arrow bool (arrow bool bool))) (((~Bool.Or : (arrow bool (arrow bool bool))) (((~BoolOrStrOrNone_tag : (arrow BoolOrStrOrNone BoolOrStrOrNoneTag)) %0) == (~BSN_BOOL_TAG : BoolOrStrOrNoneTag))) (((~BoolOrStrOrNone_tag : (arrow BoolOrStrOrNone BoolOrStrOrNoneTag)) %0) == (~BSN_STR_TAG : BoolOrStrOrNoneTag)))) (((~BoolOrStrOrNone_tag : (arrow BoolOrStrOrNone BoolOrStrOrNoneTag)) %0) == (~BSN_NONE_TAG : BoolOrStrOrNoneTag))));
(procedure importFrom :  ((module : string) (names : ListStr) (level : int)) → ())
modifies: []
preconditions: 
postconditions: 
body: 

(procedure import :  ((names : ListStr)) → ())
modifies: []
preconditions: 
postconditions: 
body: 

(procedure print :  ((msg : string)) → ())
modifies: []
preconditions: 
postconditions: 
body: 

func str_len :  ((s : string)) → int;
(procedure test_helper_procedure :  ((req_name : string) (opt_name : StrOrNone)) → ((maybe_except : ExceptOrNone)))
modifies: []
preconditions: (req_name_is_foo, ((req_name : string) == #foo)) (opt_name_none_or_bar, (if ((~Bool.Not : (arrow bool bool)) (((~StrOrNone_tag : (arrow StrOrNone StrOrNoneTag)) (opt_name : StrOrNone)) == (~SN_NONE_TAG : StrOrNoneTag))) then (((~StrOrNone_tag : (arrow StrOrNone StrOrNoneTag)) (opt_name : StrOrNone)) == (~SN_STR_TAG : StrOrNoneTag)) else #true)) (opt_name_none_or_bar, (if (((~StrOrNone_tag : (arrow StrOrNone StrOrNoneTag)) (opt_name : StrOrNone)) == (~SN_STR_TAG : StrOrNoneTag)) then (((~StrOrNone_str_val : (arrow StrOrNone string)) (opt_name : StrOrNone)) == #bar) else #true))
postconditions: (ensures_maybe_except_none, (((~ExceptOrNone_tag : (arrow ExceptOrNone ExceptOrNoneTag)) (maybe_except : ExceptOrNone)) == (~EN_NONE_TAG : ExceptOrNoneTag)) (Attribute: Boogie.Procedure.CheckAttr.Free))
body: 

(procedure main :  () → ((maybe_except : ExceptOrNone)))
modifies: []
preconditions: 
postconditions: 
body: call import([(((~ListStr_cons : (arrow string (arrow ListStr ListStr))) #test_helper) (~ListStr_nil : ListStr))])
call [maybe_except] := test_helper_procedure([#foo, (~StrOrNone_mk_none ~None_none)])
if ((~ExceptOrNone_tag maybe_except) == ~EN_STR_TAG) then {goto end}
else{}
call [maybe_except] := test_helper_procedure([#foo, (~StrOrNone_mk_str #bar)])
if ((~ExceptOrNone_tag maybe_except) == ~EN_STR_TAG) then {goto end}
else{}
call [maybe_except] := test_helper_procedure([#Foo, (~StrOrNone_mk_none ~None_none)])
if ((~ExceptOrNone_tag maybe_except) == ~EN_STR_TAG) then {goto end}
else{}
call [maybe_except] := test_helper_procedure([#foo, (~StrOrNone_mk_str #Bar)])
if ((~ExceptOrNone_tag maybe_except) == ~EN_STR_TAG) then {goto end}
else{}
end : {}
Wrote problem to vcs/(Origin_test_helper_procedure_Requires)opt_name_none_or_bar.smt2.
Wrote problem to vcs/(Origin_test_helper_procedure_Requires)opt_name_none_or_bar.smt2.
Wrote problem to vcs/(Origin_test_helper_procedure_Requires)opt_name_none_or_bar.smt2.
Wrote problem to vcs/(Origin_test_helper_procedure_Requires)opt_name_none_or_bar.smt2.
Wrote problem to vcs/(Origin_test_helper_procedure_Requires)req_name_is_foo.smt2.
Wrote problem to vcs/(Origin_test_helper_procedure_Requires)opt_name_none_or_bar.smt2.
Wrote problem to vcs/(Origin_test_helper_procedure_Requires)opt_name_none_or_bar.smt2.
Wrote problem to vcs/(Origin_test_helper_procedure_Requires)opt_name_none_or_bar.smt2.
Wrote problem to vcs/(Origin_test_helper_procedure_Requires)opt_name_none_or_bar.smt2.

ensures_maybe_except_none: verified

(Origin_test_helper_procedure_Requires)req_name_is_foo: verified

(Origin_test_helper_procedure_Requires)opt_name_none_or_bar: verified

(Origin_test_helper_procedure_Requires)opt_name_none_or_bar: verified

(Origin_test_helper_procedure_Requires)req_name_is_foo: verified

(Origin_test_helper_procedure_Requires)opt_name_none_or_bar: verified

(Origin_test_helper_procedure_Requires)opt_name_none_or_bar: verified

(Origin_test_helper_procedure_Requires)req_name_is_foo: unknown

(Origin_test_helper_procedure_Requires)opt_name_none_or_bar: verified

(Origin_test_helper_procedure_Requires)opt_name_none_or_bar: verified

(Origin_test_helper_procedure_Requires)req_name_is_foo: verified

(Origin_test_helper_procedure_Requires)opt_name_none_or_bar: verified

(Origin_test_helper_procedure_Requires)opt_name_none_or_bar: unknown
