
datetime_now_ensures_0: ✅ pass

datetime_utcnow_ensures_0: ✅ pass

ensures_str_strp_reverse: ✅ pass

assert_name_is_foo: ✅ pass

assert_opt_name_none_or_str: ✅ pass

assert_opt_name_none_or_bar: ✅ pass

ensures_maybe_except_none: ✅ pass

test_helper_procedure_assert_name_is_foo_3: ✅ pass

test_helper_procedure_assert_opt_name_none_or_str_4: ✅ pass

test_helper_procedure_assert_opt_name_none_or_bar_5: ✅ pass

test_helper_procedure_assert_name_is_foo_11: ✅ pass

test_helper_procedure_assert_opt_name_none_or_str_12: ✅ pass

test_helper_procedure_assert_opt_name_none_or_bar_13: ✅ pass

test_helper_procedure_assert_name_is_foo_19: ❌ fail

test_helper_procedure_assert_opt_name_none_or_str_20: ✅ pass

test_helper_procedure_assert_opt_name_none_or_bar_21: ✅ pass

test_helper_procedure_assert_name_is_foo_27: ✅ pass

test_helper_procedure_assert_opt_name_none_or_str_28: ✅ pass

test_helper_procedure_assert_opt_name_none_or_bar_29: 🟡 unknown
