
req_name_is_foo: unknown

opt_name_none_or_bar: verified

opt_name_none_or_bar: unknown

test_helper_procedure_req_name_is_foo_3: verified

test_helper_procedure_opt_name_none_or_bar_5: verified

test_helper_procedure_opt_name_none_or_bar_5: verified

test_helper_procedure_req_name_is_foo_11: verified

test_helper_procedure_opt_name_none_or_bar_13: verified

test_helper_procedure_opt_name_none_or_bar_13: verified

test_helper_procedure_req_name_is_foo_19: unknown

test_helper_procedure_opt_name_none_or_bar_21: verified

test_helper_procedure_opt_name_none_or_bar_21: verified

test_helper_procedure_req_name_is_foo_27: verified

test_helper_procedure_opt_name_none_or_bar_29: verified

test_helper_procedure_opt_name_none_or_bar_29: unknown
